Component: ARM Compiler 5.06 update 6 (build 750) Tool: armlink [4d35ed]

==============================================================================

Section Cross References

    main.o(i.LED) refers to rtx_evflags.o(.text.osEventFlagsWait) for osEventFlagsWait
    main.o(i.LED) refers to led_control.o(i.led_start) for led_start
    main.o(i.LED) refers to rtx_delay.o(.text.osDelay) for osDelay
    main.o(i.LED) refers to rtx_evflags.o(.text.osEventFlagsClear) for osEventFlagsClear
    main.o(i.LED) refers to rtx_evflags.o(.text.osEventFlagsSet) for osEventFlagsSet
    main.o(i.LED) refers to led_control.o(i.led_stationary) for led_stationary
    main.o(i.LED) refers to led_control.o(i.led_moving) for led_moving
    main.o(i.LED) refers to main.o(.data) for LEDControlFlag
    main.o(i.PORTA_IRQHandler) refers to main.o(i.__NVIC_ClearPendingIRQ) for __NVIC_ClearPendingIRQ
    main.o(i.PORTA_IRQHandler) refers to rtx_evflags.o(.text.osEventFlagsSet) for osEventFlagsSet
    main.o(i.PORTA_IRQHandler) refers to main.o(.data) for counter
    main.o(i.UART2_IRQHandler) refers to main.o(i.__NVIC_ClearPendingIRQ) for __NVIC_ClearPendingIRQ
    main.o(i.UART2_IRQHandler) refers to rtx_evflags.o(.text.osEventFlagsSet) for osEventFlagsSet
    main.o(i.UART2_IRQHandler) refers to main.o(.data) for rx_data
    main.o(i.avoidObstacle) refers to rtx_evflags.o(.text.osEventFlagsWait) for osEventFlagsWait
    main.o(i.avoidObstacle) refers to rtx_evflags.o(.text.osEventFlagsSet) for osEventFlagsSet
    main.o(i.avoidObstacle) refers to rtx_delay.o(.text.osDelay) for osDelay
    main.o(i.avoidObstacle) refers to main.o(.data) for SelfDriveControlFlag
    main.o(i.brain) refers to rtx_evflags.o(.text.osEventFlagsWait) for osEventFlagsWait
    main.o(i.brain) refers to rtx_evflags.o(.text.osEventFlagsSet) for osEventFlagsSet
    main.o(i.brain) refers to rtx_thread.o(.text.osThreadFlagsSet) for osThreadFlagsSet
    main.o(i.brain) refers to rtx_evflags.o(.text.osEventFlagsClear) for osEventFlagsClear
    main.o(i.brain) refers to rtx_delay.o(.text.osDelay) for osDelay
    main.o(i.brain) refers to main.o(.data) for instructionFlag
    main.o(i.main) refers to system_mkl25z4.o(i.SystemCoreClockUpdate) for SystemCoreClockUpdate
    main.o(i.main) refers to rtx_kernel.o(.text.osKernelInitialize) for osKernelInitialize
    main.o(i.main) refers to rtx_evflags.o(.text.osEventFlagsNew) for osEventFlagsNew
    main.o(i.main) refers to motor_control.o(i.initPWM) for initPWM
    main.o(i.main) refers to myuart.o(i.initUART2) for initUART2
    main.o(i.main) refers to led_control.o(i.initLED) for initLED
    main.o(i.main) refers to audio_control.o(i.initBuzzer) for initBuzzer
    main.o(i.main) refers to myultrasound.o(i.initUltrasound) for initUltrasound
    main.o(i.main) refers to rtx_thread.o(.text.osThreadNew) for osThreadNew
    main.o(i.main) refers to rtx_kernel.o(.text.osKernelStart) for osKernelStart
    main.o(i.main) refers to main.o(.data) for instructionFlag
    main.o(i.main) refers to main.o(i.LED) for LED
    main.o(i.main) refers to main.o(.constdata) for realTime
    main.o(i.main) refers to main.o(i.brain) for brain
    main.o(i.main) refers to main.o(i.motors) for motors
    main.o(i.main) refers to main.o(i.music) for music
    main.o(i.main) refers to main.o(i.self_drive) for self_drive
    main.o(i.main) refers to main.o(i.avoidObstacle) for avoidObstacle
    main.o(i.motors) refers to rtx_thread.o(.text.osThreadFlagsWait) for osThreadFlagsWait
    main.o(i.motors) refers to motor_control.o(i.forward) for forward
    main.o(i.motors) refers to motor_control.o(i.reverse) for reverse
    main.o(i.motors) refers to motor_control.o(i.leftTurn) for leftTurn
    main.o(i.motors) refers to motor_control.o(i.rightTurn) for rightTurn
    main.o(i.motors) refers to motor_control.o(i.fLeft) for fLeft
    main.o(i.motors) refers to motor_control.o(i.fRight) for fRight
    main.o(i.motors) refers to motor_control.o(i.stop) for stop
    main.o(i.motors) refers to main.o(.data) for rx_data
    main.o(i.music) refers to rtx_evflags.o(.text.osEventFlagsWait) for osEventFlagsWait
    main.o(i.music) refers to audio_control.o(i.playStart) for playStart
    main.o(i.music) refers to rtx_delay.o(.text.osDelay) for osDelay
    main.o(i.music) refers to rtx_evflags.o(.text.osEventFlagsClear) for osEventFlagsClear
    main.o(i.music) refers to rtx_evflags.o(.text.osEventFlagsSet) for osEventFlagsSet
    main.o(i.music) refers to audio_control.o(i.playMain) for playMain
    main.o(i.music) refers to idiv.o(.text) for __aeabi_idivmod
    main.o(i.music) refers to audio_control.o(i.playCelebrate) for playCelebrate
    main.o(i.music) refers to main.o(.data) for MusicControlFlag
    main.o(i.self_drive) refers to rtx_evflags.o(.text.osEventFlagsWait) for osEventFlagsWait
    main.o(i.self_drive) refers to rtx_evflags.o(.text.osEventFlagsSet) for osEventFlagsSet
[...]
    Removing rtx_evflags.o(.ARM.exidx.text.EventFlagsCheck), (8 bytes).
    Removing rtx_evflags.o(.text.svcRtxEventFlagsGetName), (18 bytes).
    Removing rtx_evflags.o(.ARM.exidx.text.svcRtxEventFlagsGetName), (8 bytes).
    Removing rtx_evflags.o(.ARM.exidx.text.svcRtxEventFlagsSet), (8 bytes).
    Removing rtx_evflags.o(.ARM.exidx.text.svcRtxEventFlagsWait), (8 bytes).
    Removing rtx_evflags.o(.text.svcRtxEventFlagsDelete), (96 bytes).
    Removing rtx_evflags.o(.ARM.exidx.text.svcRtxEventFlagsDelete), (8 bytes).
    Removing irq_cm0.o(.constdata), (1 bytes).
    Removing rtx_timer.o(.text), (0 bytes).
    Removing rtx_timer.o(.ARM.exidx.text.osRtxTimerThread), (8 bytes).
    Removing rtx_timer.o(.ARM.exidx.text.osRtxTimerTick), (8 bytes).
    Removing rtx_timer.o(.text.osTimerNew), (36 bytes).
    Removing rtx_timer.o(.ARM.exidx.text.osTimerNew), (8 bytes).
    Removing rtx_timer.o(.text.osTimerGetName), (36 bytes).
    Removing rtx_timer.o(.ARM.exidx.text.osTimerGetName), (8 bytes).
    Removing rtx_timer.o(.text.osTimerStart), (40 bytes).
    Removing rtx_timer.o(.ARM.exidx.text.osTimerStart), (8 bytes).
    Removing rtx_timer.o(.text.osTimerStop), (40 bytes).
    Removing rtx_timer.o(.ARM.exidx.text.osTimerStop), (8 bytes).
    Removing rtx_timer.o(.text.osTimerIsRunning), (36 bytes).
    Removing rtx_timer.o(.ARM.exidx.text.osTimerIsRunning), (8 bytes).
    Removing rtx_timer.o(.text.osTimerDelete), (40 bytes).
    Removing rtx_timer.o(.ARM.exidx.text.osTimerDelete), (8 bytes).
    Removing rtx_timer.o(.ARM.exidx.text.TimerInsert), (8 bytes).
    Removing rtx_timer.o(.text.svcRtxTimerNew), (132 bytes).
    Removing rtx_timer.o(.ARM.exidx.text.svcRtxTimerNew), (8 bytes).
    Removing rtx_timer.o(.text.svcRtxTimerGetName), (18 bytes).
    Removing rtx_timer.o(.ARM.exidx.text.svcRtxTimerGetName), (8 bytes).
    Removing rtx_timer.o(.text.svcRtxTimerStart), (72 bytes).
    Removing rtx_timer.o(.ARM.exidx.text.svcRtxTimerStart), (8 bytes).
    Removing rtx_timer.o(.text.TimerRemove), (40 bytes).
    Removing rtx_timer.o(.ARM.exidx.text.TimerRemove), (8 bytes).
    Removing rtx_timer.o(.text.svcRtxTimerStop), (42 bytes).
    Removing rtx_timer.o(.ARM.exidx.text.svcRtxTimerStop), (8 bytes).
    Removing rtx_timer.o(.text.svcRtxTimerIsRunning), (24 bytes).
    Removing rtx_timer.o(.ARM.exidx.text.svcRtxTimerIsRunning), (8 bytes).
    Removing rtx_timer.o(.text.svcRtxTimerDelete), (76 bytes).
    Removing rtx_timer.o(.ARM.exidx.text.svcRtxTimerDelete), (8 bytes).
    Removing rtx_mutex.o(.text), (0 bytes).
    Removing rtx_mutex.o(.ARM.exidx.text.osRtxMutexOwnerRelease), (8 bytes).
    Removing rtx_mutex.o(.text.osMutexNew), (36 bytes).
    Removing rtx_mutex.o(.ARM.exidx.text.osMutexNew), (8 bytes).
    Removing rtx_mutex.o(.text.osMutexGetName), (36 bytes).
    Removing rtx_mutex.o(.ARM.exidx.text.osMutexGetName), (8 bytes).
    Removing rtx_mutex.o(.text.osMutexAcquire), (40 bytes).
    Removing rtx_mutex.o(.ARM.exidx.text.osMutexAcquire), (8 bytes).
    Removing rtx_mutex.o(.text.osMutexRelease), (40 bytes).
    Removing rtx_mutex.o(.ARM.exidx.text.osMutexRelease), (8 bytes).
    Removing rtx_mutex.o(.text.osMutexGetOwner), (36 bytes).
    Removing rtx_mutex.o(.ARM.exidx.text.osMutexGetOwner), (8 bytes).
    Removing rtx_mutex.o(.text.osMutexDelete), (40 bytes).
    Removing rtx_mutex.o(.ARM.exidx.text.osMutexDelete), (8 bytes).
    Removing rtx_mutex.o(.text.svcRtxMutexNew), (112 bytes).
    Removing rtx_mutex.o(.ARM.exidx.text.svcRtxMutexNew), (8 bytes).
    Removing rtx_mutex.o(.text.svcRtxMutexGetName), (18 bytes).
    Removing rtx_mutex.o(.ARM.exidx.text.svcRtxMutexGetName), (8 bytes).
    Removing rtx_mutex.o(.text.svcRtxMutexAcquire), (152 bytes).
    Removing rtx_mutex.o(.ARM.exidx.text.svcRtxMutexAcquire), (8 bytes).
    Removing rtx_mutex.o(.text.svcRtxMutexRelease), (192 bytes).
    Removing rtx_mutex.o(.ARM.exidx.text.svcRtxMutexRelease), (8 bytes).
    Removing rtx_mutex.o(.text.svcRtxMutexGetOwner), (24 bytes).
    Removing rtx_mutex.o(.ARM.exidx.text.svcRtxMutexGetOwner), (8 bytes).
    Removing rtx_mutex.o(.text.svcRtxMutexDelete), (188 bytes).
    Removing rtx_mutex.o(.ARM.exidx.text.svcRtxMutexDelete), (8 bytes).
    Removing rtx_memory.o(.text), (0 bytes).
    Removing rtx_memory.o(.ARM.exidx.text.osRtxMemoryInit), (8 bytes).
    Removing rtx_memory.o(.ARM.exidx.text.osRtxMemoryAlloc), (8 bytes).
    Removing rtx_memory.o(.ARM.exidx.text.osRtxMemoryFree), (8 bytes).
    Removing rtx_mempool.o(.text), (0 bytes).
    Removing rtx_mempool.o(.ARM.exidx.text.osRtxMemoryPoolInit), (8 bytes).
    Removing rtx_mempool.o(.ARM.exidx.text.osRtxMemoryPoolAlloc), (8 bytes).
    Removing rtx_mempool.o(.ARM.exidx.text.osRtxMemoryPoolFree), (8 bytes).
    Removing rtx_mempool.o(.text.osMemoryPoolNew), (36 bytes).
    Removing rtx_mempool.o(.ARM.exidx.text.osMemoryPoolNew), (8 bytes).
    Removing rtx_mempool.o(.text.osMemoryPoolGetName), (36 bytes).
    Removing rtx_mempool.o(.ARM.exidx.text.osMemoryPoolGetName), (8 bytes).
    Removing rtx_mempool.o(.text.osMemoryPoolAlloc), (56 bytes).
    Removing rtx_mempool.o(.ARM.exidx.text.osMemoryPoolAlloc), (8 bytes).
    Removing rtx_mempool.o(.text.osMemoryPoolFree), (72 bytes).
    Removing rtx_mempool.o(.ARM.exidx.text.osMemoryPoolFree), (8 bytes).
    Removing rtx_mempool.o(.text.osMemoryPoolGetCapacity), (48 bytes).
    Removing rtx_mempool.o(.ARM.exidx.text.osMemoryPoolGetCapacity), (8 bytes).
    Removing rtx_mempool.o(.text.svcRtxMemoryPoolGetCapacity), (18 bytes).
    Removing rtx_mempool.o(.ARM.exidx.text.svcRtxMemoryPoolGetCapacity), (8 bytes).
    Removing rtx_mempool.o(.text.osMemoryPoolGetBlockSize), (48 bytes).
    Removing rtx_mempool.o(.ARM.exidx.text.osMemoryPoolGetBlockSize), (8 bytes).
    Removing rtx_mempool.o(.text.svcRtxMemoryPoolGetBlockSize), (18 bytes).
    Removing rtx_mempool.o(.ARM.exidx.text.svcRtxMemoryPoolGetBlockSize), (8 bytes).
    Removing rtx_mempool.o(.text.osMemoryPoolGetCount), (48 bytes).
    Removing rtx_mempool.o(.ARM.exidx.text.osMemoryPoolGetCount), (8 bytes).
    Removing rtx_mempool.o(.text.svcRtxMemoryPoolGetCount), (18 bytes).
    Removing rtx_mempool.o(.ARM.exidx.text.svcRtxMemoryPoolGetCount), (8 bytes).
    Removing rtx_mempool.o(.text.osMemoryPoolGetSpace), (36 bytes).
    Removing rtx_mempool.o(.ARM.exidx.text.osMemoryPoolGetSpace), (8 bytes).
    Removing rtx_mempool.o(.text.svcRtxMemoryPoolGetSpace), (22 bytes).
    Removing rtx_mempool.o(.ARM.exidx.text.svcRtxMemoryPoolGetSpace), (8 bytes).
    Removing rtx_mempool.o(.text.osMemoryPoolDelete), (40 bytes).
    Removing rtx_mempool.o(.ARM.exidx.text.osMemoryPoolDelete), (8 bytes).
    Removing rtx_mempool.o(.text.svcRtxMemoryPoolNew), (444 bytes).
    Removing rtx_mempool.o(.ARM.exidx.text.svcRtxMemoryPoolNew), (8 bytes).
    Removing rtx_mempool.o(.text.osRtxMemoryPoolPostProcess), (40 bytes).
    Removing rtx_mempool.o(.ARM.exidx.text.osRtxMemoryPoolPostProcess), (8 bytes).
    Removing rtx_mempool.o(.text.svcRtxMemoryPoolGetName), (18 bytes).
    Removing rtx_mempool.o(.ARM.exidx.text.svcRtxMemoryPoolGetName), (8 bytes).
    Removing rtx_mempool.o(.text.svcRtxMemoryPoolAlloc), (64 bytes).
    Removing rtx_mempool.o(.ARM.exidx.text.svcRtxMemoryPoolAlloc), (8 bytes).
    Removing rtx_mempool.o(.text.svcRtxMemoryPoolFree), (72 bytes).
    Removing rtx_mempool.o(.ARM.exidx.text.svcRtxMemoryPoolFree), (8 bytes).
    Removing rtx_mempool.o(.text.svcRtxMemoryPoolDelete), (112 bytes).
    Removing rtx_mempool.o(.ARM.exidx.text.svcRtxMemoryPoolDelete), (8 bytes).
    Removing rtx_system.o(.text), (0 bytes).
    Removing rtx_system.o(.ARM.exidx.text.osRtxTick_Handler), (8 bytes).
    Removing rtx_system.o(.ARM.exidx.text.osRtxPendSV_Handler), (8 bytes).
    Removing rtx_system.o(.ARM.exidx.text.osRtxPostProcess), (8 bytes).
    Removing os_systick.o(.text), (0 bytes).
    Removing os_systick.o(.ARM.exidx.text.OS_Tick_Setup), (8 bytes).
    Removing os_systick.o(.ARM.exidx.text.OS_Tick_Enable), (8 bytes).
    Removing os_systick.o(.text.OS_Tick_Disable), (40 bytes).
    Removing os_systick.o(.ARM.exidx.text.OS_Tick_Disable), (8 bytes).
    Removing os_systick.o(.ARM.exidx.text.OS_Tick_AcknowledgeIRQ), (8 bytes).
    Removing os_systick.o(.ARM.exidx.text.OS_Tick_GetIRQn), (8 bytes).
    Removing os_systick.o(.text.OS_Tick_GetClock), (12 bytes).
    Removing os_systick.o(.ARM.exidx.text.OS_Tick_GetClock), (8 bytes).
    Removing os_systick.o(.text.OS_Tick_GetInterval), (12 bytes).
    Removing os_systick.o(.ARM.exidx.text.OS_Tick_GetInterval), (8 bytes).
    Removing os_systick.o(.text.OS_Tick_GetCount), (16 bytes).
    Removing os_systick.o(.ARM.exidx.text.OS_Tick_GetCount), (8 bytes).
    Removing os_systick.o(.text.OS_Tick_GetOverflow), (16 bytes).
    Removing os_systick.o(.ARM.exidx.text.OS_Tick_GetOverflow), (8 bytes).
    Removing rtx_msgqueue.o(.text), (0 bytes).
    Removing rtx_msgqueue.o(.ARM.exidx.text.osMessageQueueNew), (8 bytes).
    Removing rtx_msgqueue.o(.text.osMessageQueueGetName), (36 bytes).
    Removing rtx_msgqueue.o(.ARM.exidx.text.osMessageQueueGetName), (8 bytes).
    Removing rtx_msgqueue.o(.ARM.exidx.text.osMessageQueuePut), (8 bytes).
    Removing rtx_msgqueue.o(.ARM.exidx.text.osMessageQueueGet), (8 bytes).
    Removing rtx_msgqueue.o(.text.osMessageQueueGetCapacity), (48 bytes).
    Removing rtx_msgqueue.o(.ARM.exidx.text.osMessageQueueGetCapacity), (8 bytes).
    Removing rtx_msgqueue.o(.text.svcRtxMessageQueueGetCapacity), (18 bytes).
    Removing rtx_msgqueue.o(.ARM.exidx.text.svcRtxMessageQueueGetCapacity), (8 bytes).
    Removing rtx_msgqueue.o(.text.osMessageQueueGetMsgSize), (48 bytes).
    Removing rtx_msgqueue.o(.ARM.exidx.text.osMessageQueueGetMsgSize), (8 bytes).
    Removing rtx_msgqueue.o(.text.svcRtxMessageQueueGetMsgSize), (18 bytes).
    Removing rtx_msgqueue.o(.ARM.exidx.text.svcRtxMessageQueueGetMsgSize), (8 bytes).
    Removing rtx_msgqueue.o(.text.osMessageQueueGetCount), (48 bytes).
    Removing rtx_msgqueue.o(.ARM.exidx.text.osMessageQueueGetCount), (8 bytes).
    Removing rtx_msgqueue.o(.text.svcRtxMessageQueueGetCount), (18 bytes).
    Removing rtx_msgqueue.o(.ARM.exidx.text.svcRtxMessageQueueGetCount), (8 bytes).
    Removing rtx_msgqueue.o(.text.osMessageQueueGetSpace), (36 bytes).
    Removing rtx_msgqueue.o(.ARM.exidx.text.osMessageQueueGetSpace), (8 bytes).
    Removing rtx_msgqueue.o(.text.svcRtxMessageQueueGetSpace), (22 bytes).
    Removing rtx_msgqueue.o(.ARM.exidx.text.svcRtxMessageQueueGetSpace), (8 bytes).
    Removing rtx_msgqueue.o(.text.osMessageQueueReset), (40 bytes).
    Removing rtx_msgqueue.o(.ARM.exidx.text.osMessageQueueReset), (8 bytes).
    Removing rtx_msgqueue.o(.text.osMessageQueueDelete), (40 bytes).
    Removing rtx_msgqueue.o(.ARM.exidx.text.osMessageQueueDelete), (8 bytes).
    Removing rtx_msgqueue.o(.ARM.exidx.text.svcRtxMessageQueueNew), (8 bytes).
    Removing rtx_msgqueue.o(.ARM.exidx.text.osRtxMessageQueuePostProcess), (8 bytes).
    Removing rtx_msgqueue.o(.ARM.exidx.text.MessageQueueRemove), (8 bytes).
    Removing rtx_msgqueue.o(.ARM.exidx.text.MessageQueuePut), (8 bytes).
    Removing rtx_msgqueue.o(.text.svcRtxMessageQueueGetName), (18 bytes).
    Removing rtx_msgqueue.o(.ARM.exidx.text.svcRtxMessageQueueGetName), (8 bytes).
    Removing rtx_msgqueue.o(.ARM.exidx.text.svcRtxMessageQueuePut), (8 bytes).
    Removing rtx_msgqueue.o(.ARM.exidx.text.MessageQueueGet), (8 bytes).
    Removing rtx_msgqueue.o(.ARM.exidx.text.svcRtxMessageQueueGet), (8 bytes).
    Removing rtx_msgqueue.o(.text.svcRtxMessageQueueReset), (162 bytes).
    Removing rtx_msgqueue.o(.ARM.exidx.text.svcRtxMessageQueueReset), (8 bytes).
    Removing rtx_msgqueue.o(.text.svcRtxMessageQueueDelete), (112 bytes).
    Removing rtx_msgqueue.o(.ARM.exidx.text.svcRtxMessageQueueDelete), (8 bytes).

360 unused section(s) (total 8223 bytes) removed from the image.

==============================================================================

Image Symbol Table

    Local Symbols

    Symbol Name                              Value     Ov Type        Size  Object(Section)

    RESET                                    0x00000000   Section      192  startup_mkl25z4.o(RESET)
    ../clib/../cmprslib/zerorunl2.c          0x00000000   Number         0  __dczerorl2.o ABSOLUTE
    ../clib/microlib/division.c              0x00000000   Number         0  uidiv.o ABSOLUTE
    ../clib/microlib/division.c              0x00000000   Number         0  idiv.o ABSOLUTE
    ../clib/microlib/init/entry.s            0x00000000   Number         0  entry10a.o ABSOLUTE
    ../clib/microlib/init/entry.s            0x00000000   Number         0  entry9b.o ABSOLUTE
    ../clib/microlib/init/entry.s            0x00000000   Number         0  entry7b.o ABSOLUTE
    ../clib/microlib/init/entry.s            0x00000000   Number         0  entry7a.o ABSOLUTE
    ../clib/microlib/init/entry.s            0x00000000   Number         0  entry2.o ABSOLUTE
    ../clib/microlib/init/entry.s            0x00000000   Number         0  entry9a.o ABSOLUTE
    ../clib/microlib/init/entry.s            0x00000000   Number         0  entry8a.o ABSOLUTE
    ../clib/microlib/init/entry.s            0x00000000   Number         0  entry.o ABSOLUTE
    ../clib/microlib/init/entry.s            0x00000000   Number         0  entry11b.o ABSOLUTE
    ../clib/microlib/init/entry.s            0x00000000   Number         0  entry8b.o ABSOLUTE
    ../clib/microlib/init/entry.s            0x00000000   Number         0  entry11a.o ABSOLUTE
    ../clib/microlib/init/entry.s            0x00000000   Number         0  entry10b.o ABSOLUTE
    ../clib/microlib/init/entry.s            0x00000000   Number         0  entry5.o ABSOLUTE
    ../clib/microlib/longlong.c              0x00000000   Number         0  llushr.o ABSOLUTE
    ../clib/microlib/longlong.c              0x00000000   Number         0  llshl.o ABSOLUTE
    ../clib/microlib/string/memcpy.c         0x00000000   Number         0  memcpya.o ABSOLUTE
    ../clib/microlib/string/memcpy.c         0x00000000   Number         0  memcpyb.o ABSOLUTE
    ../clib/microlib/string/memset.c         0x00000000   Number         0  memseta.o ABSOLUTE
    ../clib/microlib/stubs.s                 0x00000000   Number         0  iusefp.o ABSOLUTE
    ../fplib/microlib/fpepilogue.c           0x00000000   Number         0  depilogue.o ABSOLUTE
    ../fplib/microlib/fpfix.c                0x00000000   Number         0  dfixi.o ABSOLUTE
    ../fplib/microlib/fpflt.c                0x00000000   Number         0  dflti.o ABSOLUTE
    ../fplib/microlib/fpmul.c                0x00000000   Number         0  dmul.o ABSOLUTE
    ..\..\..\Source\ARM\irq_cm0.s            0x00000000   Number         0  irq_cm0.o ABSOLUTE
    Audio_Control.c                          0x00000000   Number         0  audio_control.o ABSOLUTE
    Audio_Control.c                          0x00000000   Number         0  audio_control.o ABSOLUTE
    C:\Users\Joshua\AppData\Local\Arm\Packs\ARM\CMSIS\5.6.0\CMSIS\RTOS2\RTX\Source\rtx_lib.c 0x00000000   Number         0  rtx_lib.o ABSOLUTE
    C:\\Users\\Joshua\\AppData\\Local\\Arm\\Packs\\ARM\\CMSIS\\5.6.0\\CMSIS\\RTOS2\\RTX\\Source\\rtx_lib.c 0x00000000   Number         0  rtx_lib.o ABSOLUTE
    LED_Control.c                            0x00000000   Number         0  led_control.o ABSOLUTE
    LED_Control.c                            0x00000000   Number         0  led_control.o ABSOLUTE
    Motor_Control.c                          0x00000000   Number         0  motor_control.o ABSOLUTE
    Motor_Control.c                          0x00000000   Number         0  motor_control.o ABSOLUTE
    RTE\CMSIS\RTX_Config.c                   0x00000000   Number         0  rtx_config.o ABSOLUTE
    RTE\Device\MKL25Z128xxx4\startup_MKL25Z4.s 0x00000000   Number         0  startup_mkl25z4.o ABSOLUTE
    RTE\Device\MKL25Z128xxx4\system_MKL25Z4.c 0x00000000   Number         0  system_mkl25z4.o ABSOLUTE
    RTE\\CMSIS\\RTX_Config.c                 0x00000000   Number         0  rtx_config.o ABSOLUTE
    RTE\\Device\\MKL25Z128xxx4\\system_MKL25Z4.c 0x00000000   Number         0  system_mkl25z4.o ABSOLUTE
    dc.s                                     0x00000000   Number         0  dc.o ABSOLUTE
    handlers.s                               0x00000000   Number         0  handlers.o ABSOLUTE
    init.s                                   0x00000000   Number         0  init.o ABSOLUTE
    main.c                                   0x00000000   Number         0  main.o ABSOLUTE
    main.c                                   0x00000000   Number         0  main.o ABSOLUTE
    myUART.c                                 0x00000000   Number         0  myuart.o ABSOLUTE
    myUART.c                                 0x00000000   Number         0  myuart.o ABSOLUTE
    myUltrasound.c                           0x00000000   Number         0  myultrasound.o ABSOLUTE
    myUltrasound.c                           0x00000000   Number         0  myultrasound.o ABSOLUTE
    os_systick.c                             0x00000000   Number         0  os_systick.o ABSOLUTE
    rtx_delay.c                              0x00000000   Number         0  rtx_delay.o ABSOLUTE
    rtx_evflags.c                            0x00000000   Number         0  rtx_evflags.o ABSOLUTE
    rtx_kernel.c                             0x00000000   Number         0  rtx_kernel.o ABSOLUTE
    rtx_memory.c                             0x00000000   Number         0  rtx_memory.o ABSOLUTE
    rtx_mempool.c                            0x00000000   Number         0  rtx_mempool.o ABSOLUTE
    rtx_msgqueue.c                           0x00000000   Number         0  rtx_msgqueue.o ABSOLUTE
    rtx_mutex.c                              0x00000000   Number         0  rtx_mutex.o ABSOLUTE
    rtx_system.c                             0x00000000   Number         0  rtx_system.o ABSOLUTE
    rtx_thread.c                             0x00000000   Number         0  rtx_thread.o ABSOLUTE
    rtx_timer.c                              0x00000000   Number         0  rtx_timer.o ABSOLUTE
    .ARM.Collect$$$$00000000                 0x000000c0   Section        0  entry.o(.ARM.Collect$$$$00000000)
    .ARM.Collect$$$$00000001                 0x000000c0   Section        4  entry2.o(.ARM.Collect$$$$00000001)
    .ARM.Collect$$$$00000004                 0x000000c4   Section        4  entry5.o(.ARM.Collect$$$$00000004)
    .ARM.Collect$$$$00000008                 0x000000c8   Section        0  entry7b.o(.ARM.Collect$$$$00000008)
    .ARM.Collect$$$$0000000A                 0x000000c8   Section        0  entry8b.o(.ARM.Collect$$$$0000000A)
    .ARM.Collect$$$$0000000B                 0x000000c8   Section        8  entry9a.o(.ARM.Collect$$$$0000000B)
    .ARM.Collect$$$$0000000D                 0x000000d0   Section        0  entry10a.o(.ARM.Collect$$$$0000000D)
    .ARM.Collect$$$$0000000F                 0x000000d0   Section        0  entry11a.o(.ARM.Collect$$$$0000000F)
    .ARM.Collect$$$$00002712                 0x000000d0   Section        4  entry2.o(.ARM.Collect$$$$00002712)
    __lit__00000000                          0x000000d0   Data           4  entry2.o(.ARM.Collect$$$$00002712)
    .text                                    0x000000d4   Section       40  startup_mkl25z4.o(.text)
    .text                                    0x000000fc   Section      164  irq_cm0.o(.text)
    .text                                    0x000001a0   Section        0  uidiv.o(.text)
    .text                                    0x000001cc   Section        0  idiv.o(.text)
    .text                                    0x000001f4   Section        0  memcpya.o(.text)
    .text                                    0x00000218   Section        0  memseta.o(.text)
    .text                                    0x0000023c   Section        0  dmul.o(.text)
    .text                                    0x0000030c   Section        0  dflti.o(.text)
    .text                                    0x00000334   Section        0  dfixi.o(.text)
    .text                                    0x0000037c   Section        0  llushr.o(.text)
    .text                                    0x0000039e   Section        0  iusefp.o(.text)
    .text                                    0x000003a0   Section       36  init.o(.text)
    .text                                    0x000003c4   Section        0  llshl.o(.text)
    [Anonymous Symbol]                       0x000003e4   Section        0  os_systick.o(.text.OS_Tick_AcknowledgeIRQ)
    __arm_cp.3_0                             0x000003ec   Number         4  os_systick.o(.text.OS_Tick_AcknowledgeIRQ)
    [Anonymous Symbol]                       0x000003f0   Section        0  os_systick.o(.text.OS_Tick_GetIRQn)
    [Anonymous Symbol]                       0x000003f6   Section        0  rtx_kernel.o(.text.osRtxKernelPreInit)
    [Anonymous Symbol]                       0x000003f8   Section        0  rtx_thread.o(.text.osRtxThreadRegPtr)
    i.__scatterload_null                     0x000003fe   Section        2  handlers.o(i.__scatterload_null)
    .ARM.__at_0x400                          0x00000400   Section       16  startup_mkl25z4.o(.ARM.__at_0x400)
    .text                                    0x00000410   Section        0  depilogue.o(.text)
    .text                                    0x000004ce   Section        0  __dczerorl2.o(.text)
    [Anonymous Symbol]                       0x00000524   Section        0  rtx_evflags.o(.text.EventFlagsCheck)
    EventFlagsCheck                          0x00000525   Thumb Code    78  rtx_evflags.o(.text.EventFlagsCheck)
    [Anonymous Symbol]                       0x00000572   Section        0  rtx_msgqueue.o(.text.MessageQueueGet)
    MessageQueueGet                          0x00000573   Thumb Code    76  rtx_msgqueue.o(.text.MessageQueueGet)
    [Anonymous Symbol]                       0x000005be   Section        0  rtx_msgqueue.o(.text.MessageQueuePut)
    MessageQueuePut                          0x000005bf   Thumb Code    98  rtx_msgqueue.o(.text.MessageQueuePut)
    [Anonymous Symbol]                       0x00000620   Section        0  rtx_msgqueue.o(.text.MessageQueueRemove)
    MessageQueueRemove                       0x00000621   Thumb Code    30  rtx_msgqueue.o(.text.MessageQueueRemove)
    [Anonymous Symbol]                       0x00000640   Section        0  os_systick.o(.text.OS_Tick_Enable)
    __arm_cp.1_0                             0x00000660   Number         4  os_systick.o(.text.OS_Tick_Enable)
    __arm_cp.1_1                             0x00000664   Number         4  os_systick.o(.text.OS_Tick_Enable)
    __arm_cp.1_2                             0x00000668   Number         4  os_systick.o(.text.OS_Tick_Enable)
    [Anonymous Symbol]                       0x0000066c   Section        0  os_systick.o(.text.OS_Tick_Setup)
    __arm_cp.0_0                             0x000006a8   Number         4  os_systick.o(.text.OS_Tick_Setup)
    __arm_cp.0_1                             0x000006ac   Number         4  os_systick.o(.text.OS_Tick_Setup)
    __arm_cp.0_2                             0x000006b0   Number         4  os_systick.o(.text.OS_Tick_Setup)
    __arm_cp.0_3                             0x000006b4   Number         4  os_systick.o(.text.OS_Tick_Setup)
    [Anonymous Symbol]                       0x000006b8   Section        0  rtx_thread.o(.text.ThreadFlagsCheck)
    ThreadFlagsCheck                         0x000006b9   Thumb Code    78  rtx_thread.o(.text.ThreadFlagsCheck)
    [Anonymous Symbol]                       0x00000708   Section        0  rtx_timer.o(.text.TimerInsert)
    TimerInsert                              0x00000709   Thumb Code    76  rtx_timer.o(.text.TimerInsert)
    __arm_cp.8_0                             0x00000750   Number         4  rtx_timer.o(.text.TimerInsert)
    [Anonymous Symbol]                       0x00000754   Section        0  rtx_delay.o(.text.osDelay)
    __arm_cp.0_0                             0x00000778   Number         4  rtx_delay.o(.text.osDelay)
    [Anonymous Symbol]                       0x0000077c   Section        0  rtx_evflags.o(.text.osEventFlagsClear)
    __arm_cp.3_0                             0x0000079c   Number         4  rtx_evflags.o(.text.osEventFlagsClear)
    [Anonymous Symbol]                       0x000007a0   Section        0  rtx_evflags.o(.text.osEventFlagsNew)
    __arm_cp.0_0                             0x000007c0   Number         4  rtx_evflags.o(.text.osEventFlagsNew)
    [Anonymous Symbol]                       0x000007c4   Section        0  rtx_evflags.o(.text.osEventFlagsSet)
    __arm_cp.2_0                             0x00000810   Number         4  rtx_evflags.o(.text.osEventFlagsSet)
    [Anonymous Symbol]                       0x00000814   Section        0  rtx_evflags.o(.text.osEventFlagsWait)
    __arm_cp.7_0                             0x00000854   Number         4  rtx_evflags.o(.text.osEventFlagsWait)
    [Anonymous Symbol]                       0x00000858   Section        0  rtx_kernel.o(.text.osKernelInitialize)
    __arm_cp.1_0                             0x0000087c   Number         4  rtx_kernel.o(.text.osKernelInitialize)
    [Anonymous Symbol]                       0x00000880   Section        0  rtx_kernel.o(.text.osKernelStart)
    __arm_cp.6_0                             0x000008a0   Number         4  rtx_kernel.o(.text.osKernelStart)
    [Anonymous Symbol]                       0x000008a4   Section        0  rtx_msgqueue.o(.text.osMessageQueueGet)
    __arm_cp.3_0                             0x00000914   Number         4  rtx_msgqueue.o(.text.osMessageQueueGet)
    [Anonymous Symbol]                       0x00000918   Section        0  rtx_msgqueue.o(.text.osMessageQueueNew)
    __arm_cp.0_0                             0x00000938   Number         4  rtx_msgqueue.o(.text.osMessageQueueNew)
    [Anonymous Symbol]                       0x0000093c   Section        0  rtx_msgqueue.o(.text.osMessageQueuePut)
    __arm_cp.2_0                             0x000009b0   Number         4  rtx_msgqueue.o(.text.osMessageQueuePut)
    [Anonymous Symbol]                       0x000009b4   Section        0  rtx_evflags.o(.text.osRtxEventFlagsPostProcess)
    osRtxEventFlagsPostProcess               0x000009b5   Thumb Code    52  rtx_evflags.o(.text.osRtxEventFlagsPostProcess)
    [Anonymous Symbol]                       0x000009e8   Section        0  rtx_memory.o(.text.osRtxMemoryAlloc)
    [Anonymous Symbol]                       0x00000a64   Section        0  rtx_memory.o(.text.osRtxMemoryFree)
    [Anonymous Symbol]                       0x00000ab2   Section        0  rtx_memory.o(.text.osRtxMemoryInit)
    [Anonymous Symbol]                       0x00000ae4   Section        0  rtx_mempool.o(.text.osRtxMemoryPoolAlloc)
    [Anonymous Symbol]                       0x00000b12   Section        0  rtx_mempool.o(.text.osRtxMemoryPoolFree)
    [Anonymous Symbol]                       0x00000b4c   Section        0  rtx_mempool.o(.text.osRtxMemoryPoolInit)
    [Anonymous Symbol]                       0x00000b8a   Section        0  rtx_msgqueue.o(.text.osRtxMessageQueuePostProcess)
    osRtxMessageQueuePostProcess             0x00000b8b   Thumb Code   188  rtx_msgqueue.o(.text.osRtxMessageQueuePostProcess)
    [Anonymous Symbol]                       0x00000c46   Section        0  rtx_mutex.o(.text.osRtxMutexOwnerRelease)
    [Anonymous Symbol]                       0x00000c8c   Section        0  rtx_system.o(.text.osRtxPendSV_Handler)
    __arm_cp.1_0                             0x00000d08   Number         4  rtx_system.o(.text.osRtxPendSV_Handler)
    [Anonymous Symbol]                       0x00000d0c   Section        0  rtx_system.o(.text.osRtxPostProcess)
    __arm_cp.2_0                             0x00000d70   Number         4  rtx_system.o(.text.osRtxPostProcess)
    __arm_cp.2_1                             0x00000d74   Number         4  rtx_system.o(.text.osRtxPostProcess)
    [Anonymous Symbol]                       0x00000d78   Section        0  rtx_thread.o(.text.osRtxThreadBlock)
    osRtxThreadBlock                         0x00000d79   Thumb Code    56  rtx_thread.o(.text.osRtxThreadBlock)
    __arm_cp.10_0                            0x00000dac   Number         4  rtx_thread.o(.text.osRtxThreadBlock)
    [Anonymous Symbol]                       0x00000db0   Section        0  rtx_thread.o(.text.osRtxThreadDelayInsert)
    osRtxThreadDelayInsert                   0x00000db1   Thumb Code   128  rtx_thread.o(.text.osRtxThreadDelayInsert)
    __arm_cp.14_0                            0x00000e2c   Number         4  rtx_thread.o(.text.osRtxThreadDelayInsert)
    [Anonymous Symbol]                       0x00000e30   Section        0  rtx_thread.o(.text.osRtxThreadDelayRemove)
    osRtxThreadDelayRemove                   0x00000e31   Thumb Code    68  rtx_thread.o(.text.osRtxThreadDelayRemove)
    __arm_cp.12_0                            0x00000e70   Number         4  rtx_thread.o(.text.osRtxThreadDelayRemove)
    [Anonymous Symbol]                       0x00000e74   Section        0  rtx_thread.o(.text.osRtxThreadDelayTick)
    __arm_cp.5_0                             0x00000ea8   Number         4  rtx_thread.o(.text.osRtxThreadDelayTick)
    [Anonymous Symbol]                       0x00000eac   Section        0  rtx_thread.o(.text.osRtxThreadDispatch)
    __arm_cp.9_0                             0x00000ef8   Number         4  rtx_thread.o(.text.osRtxThreadDispatch)
    [Anonymous Symbol]                       0x00000efc   Section        0  rtx_thread.o(.text.osRtxThreadFree)
    osRtxThreadFree                          0x00000efd   Thumb Code    84  rtx_thread.o(.text.osRtxThreadFree)
    __arm_cp.52_0                            0x00000f4c   Number         4  rtx_thread.o(.text.osRtxThreadFree)
    [Anonymous Symbol]                       0x00000f50   Section        0  rtx_thread.o(.text.osRtxThreadListGet)
    [Anonymous Symbol]                       0x00000f64   Section        0  rtx_thread.o(.text.osRtxThreadListPut)
    [Anonymous Symbol]                       0x00000f90   Section        0  rtx_thread.o(.text.osRtxThreadListRemove)
    [Anonymous Symbol]                       0x00000fa8   Section        0  rtx_thread.o(.text.osRtxThreadPostProcess)
    osRtxThreadPostProcess                   0x00000fa9   Thumb Code    38  rtx_thread.o(.text.osRtxThreadPostProcess)
    [Anonymous Symbol]                       0x00000fd0   Section        0  rtx_thread.o(.text.osRtxThreadReadyPut)
    __arm_cp.4_0                             0x00000fe4   Number         4  rtx_thread.o(.text.osRtxThreadReadyPut)
    [Anonymous Symbol]                       0x00000fe8   Section        0  rtx_thread.o(.text.osRtxThreadStackCheck)
    __arm_cp.8_0                             0x0000100c   Number         4  rtx_thread.o(.text.osRtxThreadStackCheck)
    __arm_cp.8_1                             0x00001010   Number         4  rtx_thread.o(.text.osRtxThreadStackCheck)
    [Anonymous Symbol]                       0x00001014   Section        0  rtx_thread.o(.text.osRtxThreadStartup)
    __arm_cp.15_0                            0x00001044   Number         4  rtx_thread.o(.text.osRtxThreadStartup)
    __arm_cp.15_1                            0x00001048   Number         4  rtx_thread.o(.text.osRtxThreadStartup)
    __arm_cp.15_2                            0x0000104c   Number         4  rtx_thread.o(.text.osRtxThreadStartup)
    __arm_cp.15_3                            0x00001050   Number         4  rtx_thread.o(.text.osRtxThreadStartup)
    [Anonymous Symbol]                       0x00001054   Section        0  rtx_thread.o(.text.osRtxThreadSwitch)
    __arm_cp.7_0                             0x00001064   Number         4  rtx_thread.o(.text.osRtxThreadSwitch)
    [Anonymous Symbol]                       0x00001068   Section        0  rtx_thread.o(.text.osRtxThreadWaitEnter)
    __arm_cp.13_0                            0x000010a0   Number         4  rtx_thread.o(.text.osRtxThreadWaitEnter)
    [Anonymous Symbol]                       0x000010a4   Section        0  rtx_thread.o(.text.osRtxThreadWaitExit)
    [Anonymous Symbol]                       0x000010c8   Section        0  rtx_system.o(.text.osRtxTick_Handler)
    __arm_cp.0_0                             0x00001138   Number         4  rtx_system.o(.text.osRtxTick_Handler)
    [Anonymous Symbol]                       0x0000113c   Section        0  rtx_timer.o(.text.osRtxTimerThread)
    __arm_cp.0_0                             0x0000116c   Number         4  rtx_timer.o(.text.osRtxTimerThread)
    __arm_cp.0_1                             0x00001170   Number         4  rtx_timer.o(.text.osRtxTimerThread)
    __arm_cp.0_2                             0x00001174   Number         4  rtx_timer.o(.text.osRtxTimerThread)
    [Anonymous Symbol]                       0x00001178   Section        0  rtx_timer.o(.text.osRtxTimerTick)
    osRtxTimerTick                           0x00001179   Thumb Code    96  rtx_timer.o(.text.osRtxTimerTick)
    __arm_cp.1_0                             0x000011d4   Number         4  rtx_timer.o(.text.osRtxTimerTick)
    [Anonymous Symbol]                       0x000011d8   Section        0  rtx_thread.o(.text.osThreadExit)
    __arm_cp.31_0                            0x000011e0   Number         4  rtx_thread.o(.text.osThreadExit)
    [Anonymous Symbol]                       0x000011e4   Section        0  rtx_thread.o(.text.osThreadFlagsSet)
    __arm_cp.35_0                            0x00001238   Number         4  rtx_thread.o(.text.osThreadFlagsSet)
    [Anonymous Symbol]                       0x0000123c   Section        0  rtx_thread.o(.text.osThreadFlagsWait)
    __arm_cp.38_0                            0x00001260   Number         4  rtx_thread.o(.text.osThreadFlagsWait)
    [Anonymous Symbol]                       0x00001264   Section        0  rtx_thread.o(.text.osThreadNew)
    __arm_cp.17_0                            0x00001284   Number         4  rtx_thread.o(.text.osThreadNew)
    [Anonymous Symbol]                       0x00001288   Section        0  rtx_delay.o(.text.svcRtxDelay)
    svcRtxDelay                              0x00001289   Thumb Code    18  rtx_delay.o(.text.svcRtxDelay)
    [Anonymous Symbol]                       0x0000129a   Section        0  rtx_evflags.o(.text.svcRtxEventFlagsClear)
    svcRtxEventFlagsClear                    0x0000129b   Thumb Code    50  rtx_evflags.o(.text.svcRtxEventFlagsClear)
    [Anonymous Symbol]                       0x000012cc   Section        0  rtx_evflags.o(.text.svcRtxEventFlagsNew)
    svcRtxEventFlagsNew                      0x000012cd   Thumb Code   116  rtx_evflags.o(.text.svcRtxEventFlagsNew)
    __arm_cp.9_0                             0x00001338   Number         4  rtx_evflags.o(.text.svcRtxEventFlagsNew)
    __arm_cp.9_1                             0x0000133c   Number         4  rtx_evflags.o(.text.svcRtxEventFlagsNew)
    [Anonymous Symbol]                       0x00001340   Section        0  rtx_evflags.o(.text.svcRtxEventFlagsSet)
    svcRtxEventFlagsSet                      0x00001341   Thumb Code   124  rtx_evflags.o(.text.svcRtxEventFlagsSet)
    [Anonymous Symbol]                       0x000013bc   Section        0  rtx_evflags.o(.text.svcRtxEventFlagsWait)
    svcRtxEventFlagsWait                     0x000013bd   Thumb Code   100  rtx_evflags.o(.text.svcRtxEventFlagsWait)
    __arm_cp.14_0                            0x0000141c   Number         4  rtx_evflags.o(.text.svcRtxEventFlagsWait)
    [Anonymous Symbol]                       0x00001420   Section        0  rtx_kernel.o(.text.svcRtxKernelInitialize)
    svcRtxKernelInitialize                   0x00001421   Thumb Code   328  rtx_kernel.o(.text.svcRtxKernelInitialize)
    __arm_cp.20_0                            0x0000155c   Number         4  rtx_kernel.o(.text.svcRtxKernelInitialize)
    __arm_cp.20_1                            0x00001560   Number         4  rtx_kernel.o(.text.svcRtxKernelInitialize)
    __arm_cp.20_2                            0x00001564   Number         4  rtx_kernel.o(.text.svcRtxKernelInitialize)
    [Anonymous Symbol]                       0x00001568   Section        0  rtx_kernel.o(.text.svcRtxKernelStart)
    svcRtxKernelStart                        0x00001569   Thumb Code   132  rtx_kernel.o(.text.svcRtxKernelStart)
    __arm_cp.21_0                            0x000015dc   Number         4  rtx_kernel.o(.text.svcRtxKernelStart)
    __arm_cp.21_1                            0x000015e0   Number         4  rtx_kernel.o(.text.svcRtxKernelStart)
    __arm_cp.21_2                            0x000015e4   Number         4  rtx_kernel.o(.text.svcRtxKernelStart)
    __arm_cp.21_3                            0x000015e8   Number         4  rtx_kernel.o(.text.svcRtxKernelStart)
    [Anonymous Symbol]                       0x000015ec   Section        0  rtx_msgqueue.o(.text.svcRtxMessageQueueGet)
    svcRtxMessageQueueGet                    0x000015ed   Thumb Code   232  rtx_msgqueue.o(.text.svcRtxMessageQueueGet)
    __arm_cp.21_0                            0x000016d0   Number         4  rtx_msgqueue.o(.text.svcRtxMessageQueueGet)
    [Anonymous Symbol]                       0x000016d4   Section        0  rtx_msgqueue.o(.text.svcRtxMessageQueueNew)
    svcRtxMessageQueueNew                    0x000016d5   Thumb Code   484  rtx_msgqueue.o(.text.svcRtxMessageQueueNew)
    __arm_cp.14_0                            0x000018a0   Number         4  rtx_msgqueue.o(.text.svcRtxMessageQueueNew)
    __arm_cp.14_1                            0x000018a4   Number         4  rtx_msgqueue.o(.text.svcRtxMessageQueueNew)
    __arm_cp.14_2                            0x000018a8   Number         4  rtx_msgqueue.o(.text.svcRtxMessageQueueNew)
    __arm_cp.14_3                            0x000018ac   Number         4  rtx_msgqueue.o(.text.svcRtxMessageQueueNew)
    __arm_cp.14_4                            0x000018b0   Number         4  rtx_msgqueue.o(.text.svcRtxMessageQueueNew)
    __arm_cp.14_5                            0x000018b4   Number         4  rtx_msgqueue.o(.text.svcRtxMessageQueueNew)
    [Anonymous Symbol]                       0x000018b8   Section        0  rtx_msgqueue.o(.text.svcRtxMessageQueuePut)
    svcRtxMessageQueuePut                    0x000018b9   Thumb Code   188  rtx_msgqueue.o(.text.svcRtxMessageQueuePut)
    __arm_cp.19_0                            0x00001970   Number         4  rtx_msgqueue.o(.text.svcRtxMessageQueuePut)
    [Anonymous Symbol]                       0x00001974   Section        0  rtx_thread.o(.text.svcRtxThreadExit)
    svcRtxThreadExit                         0x00001975   Thumb Code   108  rtx_thread.o(.text.svcRtxThreadExit)
    __arm_cp.54_0                            0x000019dc   Number         4  rtx_thread.o(.text.svcRtxThreadExit)
    [Anonymous Symbol]                       0x000019e0   Section        0  rtx_thread.o(.text.svcRtxThreadFlagsSet)
    svcRtxThreadFlagsSet                     0x000019e1   Thumb Code   108  rtx_thread.o(.text.svcRtxThreadFlagsSet)
    [Anonymous Symbol]                       0x00001a4c   Section        0  rtx_thread.o(.text.svcRtxThreadFlagsWait)
    svcRtxThreadFlagsWait                    0x00001a4d   Thumb Code    80  rtx_thread.o(.text.svcRtxThreadFlagsWait)
    __arm_cp.61_0                            0x00001a98   Number         4  rtx_thread.o(.text.svcRtxThreadFlagsWait)
    [Anonymous Symbol]                       0x00001a9c   Section        0  rtx_thread.o(.text.svcRtxThreadNew)
    svcRtxThreadNew                          0x00001a9d   Thumb Code   492  rtx_thread.o(.text.svcRtxThreadNew)
    __arm_cp.16_0                            0x00001c70   Number         4  rtx_thread.o(.text.svcRtxThreadNew)
    __arm_cp.16_1                            0x00001c74   Number         4  rtx_thread.o(.text.svcRtxThreadNew)
    __arm_cp.16_2                            0x00001c78   Number         4  rtx_thread.o(.text.svcRtxThreadNew)
    __arm_cp.16_3                            0x00001c7c   Number         4  rtx_thread.o(.text.svcRtxThreadNew)
    __arm_cp.16_4                            0x00001c80   Number         4  rtx_thread.o(.text.svcRtxThreadNew)
    __arm_cp.16_5                            0x00001c84   Number         4  rtx_thread.o(.text.svcRtxThreadNew)
    i.LED                                    0x00001c88   Section        0  main.o(i.LED)
    i.PORTA_IRQHandler                       0x00001cdc   Section        0  main.o(i.PORTA_IRQHandler)
    i.SystemCoreClockUpdate                  0x00001d40   Section        0  system_mkl25z4.o(i.SystemCoreClockUpdate)
    i.SystemInit                             0x00001ed0   Section        0  system_mkl25z4.o(i.SystemInit)
    i.UART2_IRQHandler                       0x00001edc   Section        0  main.o(i.UART2_IRQHandler)
    i.USpulse                                0x00001f24   Section        0  myultrasound.o(i.USpulse)
    i.__ARM_clz                              0x00001f4c   Section        0  depilogue.o(i.__ARM_clz)
    i.__ARM_common_switch8                   0x00001f7a   Section        0  led_control.o(i.__ARM_common_switch8)
    i.__NVIC_ClearPendingIRQ                 0x00001f98   Section        0  main.o(i.__NVIC_ClearPendingIRQ)
    __NVIC_ClearPendingIRQ                   0x00001f99   Thumb Code    18  main.o(i.__NVIC_ClearPendingIRQ)
    i.__NVIC_SetPriority                     0x00001fb0   Section        0  myultrasound.o(i.__NVIC_SetPriority)
    __NVIC_SetPriority                       0x00001fb1   Thumb Code   110  myultrasound.o(i.__NVIC_SetPriority)
    i.__NVIC_SetPriority                     0x00002028   Section        0  myuart.o(i.__NVIC_SetPriority)
    __NVIC_SetPriority                       0x00002029   Thumb Code   110  myuart.o(i.__NVIC_SetPriority)
    i.__scatterload_copy                     0x000020a0   Section       14  handlers.o(i.__scatterload_copy)
    i.__scatterload_zeroinit                 0x000020ae   Section       14  handlers.o(i.__scatterload_zeroinit)
    i.avoidObstacle                          0x000020bc   Section        0  main.o(i.avoidObstacle)
    i.brain                                  0x000021d4   Section        0  main.o(i.brain)
    i.fLeft                                  0x000022bc   Section        0  motor_control.o(i.fLeft)
    i.fRight                                 0x000022e0   Section        0  motor_control.o(i.fRight)
    i.forward                                0x00002304   Section        0  motor_control.o(i.forward)
    i.green_moving                           0x00002328   Section        0  led_control.o(i.green_moving)
    i.green_off                              0x000023b8   Section        0  led_control.o(i.green_off)
    i.green_on                               0x00002420   Section        0  led_control.o(i.green_on)
    i.initBuzzer                             0x00002488   Section        0  audio_control.o(i.initBuzzer)
    i.initLED                                0x0000252c   Section        0  led_control.o(i.initLED)
    i.initPWM                                0x0000270c   Section        0  motor_control.o(i.initPWM)
    i.initUART2                              0x00002894   Section        0  myuart.o(i.initUART2)
    i.initUltrasound                         0x0000297c   Section        0  myultrasound.o(i.initUltrasound)
    i.led_moving                             0x00002a24   Section        0  led_control.o(i.led_moving)
    i.led_start                              0x00002a60   Section        0  led_control.o(i.led_start)
    i.led_stationary                         0x00002a98   Section        0  led_control.o(i.led_stationary)
    i.leftTurn                               0x00002aac   Section        0  motor_control.o(i.leftTurn)
    i.main                                   0x00002acc   Section        0  main.o(i.main)
    i.motors                                 0x00002bbc   Section        0  main.o(i.motors)
    i.music                                  0x00002c40   Section        0  main.o(i.music)
    i.osRtxErrorNotify                       0x00002cb0   Section        0  rtx_config.o(i.osRtxErrorNotify)
    i.osRtxIdleThread                        0x00002cd0   Section        0  rtx_config.o(i.osRtxIdleThread)
    i.pauseTune                              0x00002cd4   Section        0  audio_control.o(i.pauseTune)
    i.playCelebrate                          0x00002d08   Section        0  audio_control.o(i.playCelebrate)
    i.playMain                               0x00002dec   Section        0  audio_control.o(i.playMain)
    i.playStart                              0x00002e74   Section        0  audio_control.o(i.playStart)
    i.red_off                                0x00002f04   Section        0  led_control.o(i.red_off)
    i.red_toggle                             0x00002f18   Section        0  led_control.o(i.red_toggle)
    i.reverse                                0x00002f2c   Section        0  motor_control.o(i.reverse)
    i.rightTurn                              0x00002f50   Section        0  motor_control.o(i.rightTurn)
    i.self_drive                             0x00002f74   Section        0  main.o(i.self_drive)
    i.stop                                   0x00003018   Section        0  motor_control.o(i.stop)
    .constdata                               0x00003030   Section      108  main.o(.constdata)
    .constdata                               0x0000309c   Section      100  rtx_lib.o(.constdata)
    os_idle_thread_attr                      0x0000309c   Data          36  rtx_lib.o(.constdata)
    os_timer_thread_attr                     0x000030c0   Data          36  rtx_lib.o(.constdata)
    os_timer_mq_attr                         0x000030e4   Data          24  rtx_lib.o(.constdata)
    .rodata                                  0x00003100   Section      160  rtx_lib.o(.rodata)
    __tagsym$$used                           0x00003100   Number         0  rtx_lib.o(.rodata)
    __tagsym$$used                           0x00003168   Number         0  rtx_lib.o(.rodata)
    [Anonymous Symbol]                       0x000031a0   Section        0  rtx_kernel.o(.rodata.str1.4)
    .L.str                                   0x000031a0   Data          11  rtx_kernel.o(.rodata.str1.4)
    .bss.os                                  0x1ffff000   Section     4160  rtx_lib.o(.bss.os)
    os_mem                                   0x1ffff000   Data        4096  rtx_lib.o(.bss.os)
    os_isr_queue                             0x20000000   Data          64  rtx_lib.o(.bss.os)
    .bss.os.msgqueue.cb                      0x20000040   Section       52  rtx_lib.o(.bss.os.msgqueue.cb)
    os_timer_mq_cb                           0x20000040   Data          52  rtx_lib.o(.bss.os.msgqueue.cb)
    .bss.os.msgqueue.mem                     0x20000074   Section       80  rtx_lib.o(.bss.os.msgqueue.mem)
    os_timer_mq_data                         0x20000074   Data          80  rtx_lib.o(.bss.os.msgqueue.mem)
    .bss.os.thread.cb                        0x200000c4   Section      136  rtx_lib.o(.bss.os.thread.cb)
    os_idle_thread_cb                        0x200000c4   Data          68  rtx_lib.o(.bss.os.thread.cb)
    os_timer_thread_cb                       0x20000108   Data          68  rtx_lib.o(.bss.os.thread.cb)
    .bss.os.thread.stack                     0x20000150   Section      512  rtx_lib.o(.bss.os.thread.stack)
    os_idle_thread_stack                     0x20000150   Data         256  rtx_lib.o(.bss.os.thread.stack)
    os_timer_thread_stack                    0x20000250   Data         256  rtx_lib.o(.bss.os.thread.stack)
    .data                                    0x20000350   Section       56  main.o(.data)
    end                                      0x20000380   Data           4  main.o(.data)
    connected                                0x20000384   Data           4  main.o(.data)
    .data                                    0x20000388   Section        4  led_control.o(.data)
    count                                    0x20000388   Data           4  led_control.o(.data)
    .data                                    0x2000038c   Section     1828  audio_control.o(.data)
    .data                                    0x20000ab0   Section        4  system_mkl25z4.o(.data)
    [Anonymous Symbol]                       0x20000b58   Section        0  os_systick.o(.bss.PendST)
    PendST                                   0x20000b58   Data           1  os_systick.o(.bss.PendST)
    STACK                                    0x20000b60   Section      256  startup_mkl25z4.o(STACK)

    Global Symbols

    Symbol Name                              Value     Ov Type        Size  Object(Section)

    BuildAttributes$$THM_ISAv3M$S$PE$A:L22$X:L11$S22$IEEE1$IW$~IW$USESV6$~STKCKD$USESV7$~SHL$OSPACE$ROPI$EBA8$MICROLIB$REQ8$PRES8$EABIv2 0x00000000   Number         0  anon$$obj.o ABSOLUTE
    __ARM_use_no_argv                        0x00000000   Number         0  main.o ABSOLUTE
    __Vectors                                0x00000000   Data           4  startup_mkl25z4.o(RESET)
    .bss.os.evflags.cb$$Base                  - Undefined Weak Reference
    .bss.os.evflags.cb$$Limit                 - Undefined Weak Reference
    .bss.os.mempool.cb$$Base                  - Undefined Weak Reference
    .bss.os.mempool.cb$$Limit                 - Undefined Weak Reference
    .bss.os.mutex.cb$$Base                    - Undefined Weak Reference
    .bss.os.mutex.cb$$Limit                   - Undefined Weak Reference
    .bss.os.semaphore.cb$$Base                - Undefined Weak Reference
    .bss.os.semaphore.cb$$Limit               - Undefined Weak Reference
    .bss.os.timer.cb$$Base                    - Undefined Weak Reference
    .bss.os.timer.cb$$Limit                   - Undefined Weak Reference
    __cpp_initialize__aeabi_                  - Undefined Weak Reference
    __cxa_finalize                            - Undefined Weak Reference
    _clock_init                               - Undefined Weak Reference
    _microlib_exit                            - Undefined Weak Reference
    __Vectors_End                            0x000000c0   Data           0  startup_mkl25z4.o(RESET)
    __Vectors_Size                           0x000000c0   Number         0  startup_mkl25z4.o ABSOLUTE
    __main                                   0x000000c1   Thumb Code     0  entry.o(.ARM.Collect$$$$00000000)
    _main_stk                                0x000000c1   Thumb Code     0  entry2.o(.ARM.Collect$$$$00000001)
    _main_scatterload                        0x000000c5   Thumb Code     0  entry5.o(.ARM.Collect$$$$00000004)
    __main_after_scatterload                 0x000000c9   Thumb Code     0  entry5.o(.ARM.Collect$$$$00000004)
    _main_clock                              0x000000c9   Thumb Code     0  entry7b.o(.ARM.Collect$$$$00000008)
    _main_cpp_init                           0x000000c9   Thumb Code     0  entry8b.o(.ARM.Collect$$$$0000000A)
    _main_init                               0x000000c9   Thumb Code     0  entry9a.o(.ARM.Collect$$$$0000000B)
    __rt_final_cpp                           0x000000d1   Thumb Code     0  entry10a.o(.ARM.Collect$$$$0000000D)
    __rt_final_exit                          0x000000d1   Thumb Code     0  entry11a.o(.ARM.Collect$$$$0000000F)
    Reset_Handler                            0x000000d5   Thumb Code    12  startup_mkl25z4.o(.text)
    NMI_Handler                              0x000000e1   Thumb Code     2  startup_mkl25z4.o(.text)
    HardFault_Handler                        0x000000e3   Thumb Code     2  startup_mkl25z4.o(.text)
    ADC0_IRQHandler                          0x000000eb   Thumb Code     0  startup_mkl25z4.o(.text)
    CMP0_IRQHandler                          0x000000eb   Thumb Code     0  startup_mkl25z4.o(.text)
    DAC0_IRQHandler                          0x000000eb   Thumb Code     0  startup_mkl25z4.o(.text)
    DMA0_IRQHandler                          0x000000eb   Thumb Code     0  startup_mkl25z4.o(.text)
    DMA1_IRQHandler                          0x000000eb   Thumb Code     0  startup_mkl25z4.o(.text)
    DMA2_IRQHandler                          0x000000eb   Thumb Code     0  startup_mkl25z4.o(.text)
    DMA3_IRQHandler                          0x000000eb   Thumb Code     0  startup_mkl25z4.o(.text)
    DefaultISR                               0x000000eb   Thumb Code     0  startup_mkl25z4.o(.text)
    FTFA_IRQHandler                          0x000000eb   Thumb Code     0  startup_mkl25z4.o(.text)
    I2C0_IRQHandler                          0x000000eb   Thumb Code     0  startup_mkl25z4.o(.text)
    I2C1_IRQHandler                          0x000000eb   Thumb Code     0  startup_mkl25z4.o(.text)
    LLWU_IRQHandler                          0x000000eb   Thumb Code     0  startup_mkl25z4.o(.text)
    LPTMR0_IRQHandler                        0x000000eb   Thumb Code     0  startup_mkl25z4.o(.text)
    LVD_LVW_IRQHandler                       0x000000eb   Thumb Code     0  startup_mkl25z4.o(.text)
    MCG_IRQHandler                           0x000000eb   Thumb Code     0  startup_mkl25z4.o(.text)
    PIT_IRQHandler                           0x000000eb   Thumb Code     0  startup_mkl25z4.o(.text)
    PORTD_IRQHandler                         0x000000eb   Thumb Code     0  startup_mkl25z4.o(.text)
    RTC_IRQHandler                           0x000000eb   Thumb Code     0  startup_mkl25z4.o(.text)
    RTC_Seconds_IRQHandler                   0x000000eb   Thumb Code     0  startup_mkl25z4.o(.text)
    Reserved20_IRQHandler                    0x000000eb   Thumb Code     0  startup_mkl25z4.o(.text)
    Reserved39_IRQHandler                    0x000000eb   Thumb Code     0  startup_mkl25z4.o(.text)
    Reserved45_IRQHandler                    0x000000eb   Thumb Code     0  startup_mkl25z4.o(.text)
    SPI0_IRQHandler                          0x000000eb   Thumb Code     0  startup_mkl25z4.o(.text)
    SPI1_IRQHandler                          0x000000eb   Thumb Code     0  startup_mkl25z4.o(.text)
    TPM0_IRQHandler                          0x000000eb   Thumb Code     0  startup_mkl25z4.o(.text)
    TPM1_IRQHandler                          0x000000eb   Thumb Code     0  startup_mkl25z4.o(.text)
    TPM2_IRQHandler                          0x000000eb   Thumb Code     0  startup_mkl25z4.o(.text)
    TSI0_IRQHandler                          0x000000eb   Thumb Code     0  startup_mkl25z4.o(.text)
    UART0_IRQHandler                         0x000000eb   Thumb Code     0  startup_mkl25z4.o(.text)
    UART1_IRQHandler                         0x000000eb   Thumb Code     0  startup_mkl25z4.o(.text)
    USB0_IRQHandler                          0x000000eb   Thumb Code     0  startup_mkl25z4.o(.text)
    SVC_Handler                              0x000000fd   Thumb Code   132  irq_cm0.o(.text)
    PendSV_Handler                           0x00000181   Thumb Code    12  irq_cm0.o(.text)
    SysTick_Handler                          0x0000018d   Thumb Code    12  irq_cm0.o(.text)
    __aeabi_uidiv                            0x000001a1   Thumb Code     0  uidiv.o(.text)
    __aeabi_uidivmod                         0x000001a1   Thumb Code    44  uidiv.o(.text)
    __aeabi_idiv                             0x000001cd   Thumb Code     0  idiv.o(.text)
    __aeabi_idivmod                          0x000001cd   Thumb Code    40  idiv.o(.text)
    __aeabi_memcpy                           0x000001f5   Thumb Code    36  memcpya.o(.text)
    __aeabi_memcpy4                          0x000001f5   Thumb Code     0  memcpya.o(.text)
    __aeabi_memcpy8                          0x000001f5   Thumb Code     0  memcpya.o(.text)
    __aeabi_memset                           0x00000219   Thumb Code    14  memseta.o(.text)
    __aeabi_memset4                          0x00000219   Thumb Code     0  memseta.o(.text)
    __aeabi_memset8                          0x00000219   Thumb Code     0  memseta.o(.text)
    __aeabi_memclr                           0x00000227   Thumb Code     4  memseta.o(.text)
    __aeabi_memclr4                          0x00000227   Thumb Code     0  memseta.o(.text)
    __aeabi_memclr8                          0x00000227   Thumb Code     0  memseta.o(.text)
    _memset$wrapper                          0x0000022b   Thumb Code    18  memseta.o(.text)
    __aeabi_dmul                             0x0000023d   Thumb Code   202  dmul.o(.text)
    __aeabi_i2d                              0x0000030d   Thumb Code    34  dflti.o(.text)
    __aeabi_d2iz                             0x00000335   Thumb Code    62  dfixi.o(.text)
    __aeabi_llsr                             0x0000037d   Thumb Code    34  llushr.o(.text)
    _ll_ushift_r                             0x0000037d   Thumb Code     0  llushr.o(.text)
    __I$use$fp                               0x0000039f   Thumb Code     0  iusefp.o(.text)
    __scatterload                            0x000003a1   Thumb Code    28  init.o(.text)
    __scatterload_rt2                        0x000003a1   Thumb Code     0  init.o(.text)
    __aeabi_llsl                             0x000003c5   Thumb Code    32  llshl.o(.text)
    _ll_shift_l                              0x000003c5   Thumb Code     0  llshl.o(.text)
    OS_Tick_AcknowledgeIRQ                   0x000003e5   Thumb Code    12  os_systick.o(.text.OS_Tick_AcknowledgeIRQ)
    OS_Tick_GetIRQn                          0x000003f1   Thumb Code     6  os_systick.o(.text.OS_Tick_GetIRQn)
    osRtxKernelPreInit                       0x000003f7   Thumb Code     2  rtx_kernel.o(.text.osRtxKernelPreInit)
    osRtxThreadRegPtr                        0x000003f9   Thumb Code     6  rtx_thread.o(.text.osRtxThreadRegPtr)
    __scatterload_null                       0x000003ff   Thumb Code     2  handlers.o(i.__scatterload_null)
    _double_round                            0x00000411   Thumb Code    26  depilogue.o(.text)
    _double_epilogue                         0x0000042b   Thumb Code   164  depilogue.o(.text)
    __decompress                             0x000004cf   Thumb Code     0  __dczerorl2.o(.text)
    __decompress1                            0x000004cf   Thumb Code    86  __dczerorl2.o(.text)
    OS_Tick_Enable                           0x00000641   Thumb Code    44  os_systick.o(.text.OS_Tick_Enable)
    OS_Tick_Setup                            0x0000066d   Thumb Code    76  os_systick.o(.text.OS_Tick_Setup)
    osDelay                                  0x00000755   Thumb Code    40  rtx_delay.o(.text.osDelay)
    osEventFlagsClear                        0x0000077d   Thumb Code    36  rtx_evflags.o(.text.osEventFlagsClear)
    osEventFlagsNew                          0x000007a1   Thumb Code    36  rtx_evflags.o(.text.osEventFlagsNew)
    osEventFlagsSet                          0x000007c5   Thumb Code    80  rtx_evflags.o(.text.osEventFlagsSet)
    osEventFlagsWait                         0x00000815   Thumb Code    68  rtx_evflags.o(.text.osEventFlagsWait)
    osKernelInitialize                       0x00000859   Thumb Code    40  rtx_kernel.o(.text.osKernelInitialize)
    osKernelStart                            0x00000881   Thumb Code    36  rtx_kernel.o(.text.osKernelStart)
    osMessageQueueGet                        0x000008a5   Thumb Code   116  rtx_msgqueue.o(.text.osMessageQueueGet)
    osMessageQueueNew                        0x00000919   Thumb Code    36  rtx_msgqueue.o(.text.osMessageQueueNew)
    osMessageQueuePut                        0x0000093d   Thumb Code   120  rtx_msgqueue.o(.text.osMessageQueuePut)
    osRtxMemoryAlloc                         0x000009e9   Thumb Code   124  rtx_memory.o(.text.osRtxMemoryAlloc)
    osRtxMemoryFree                          0x00000a65   Thumb Code    78  rtx_memory.o(.text.osRtxMemoryFree)
    osRtxMemoryInit                          0x00000ab3   Thumb Code    50  rtx_memory.o(.text.osRtxMemoryInit)
    osRtxMemoryPoolAlloc                     0x00000ae5   Thumb Code    46  rtx_mempool.o(.text.osRtxMemoryPoolAlloc)
    osRtxMemoryPoolFree                      0x00000b13   Thumb Code    58  rtx_mempool.o(.text.osRtxMemoryPoolFree)
    osRtxMemoryPoolInit                      0x00000b4d   Thumb Code    62  rtx_mempool.o(.text.osRtxMemoryPoolInit)
    osRtxMutexOwnerRelease                   0x00000c47   Thumb Code    68  rtx_mutex.o(.text.osRtxMutexOwnerRelease)
    osRtxPendSV_Handler                      0x00000c8d   Thumb Code   128  rtx_system.o(.text.osRtxPendSV_Handler)
    osRtxPostProcess                         0x00000d0d   Thumb Code   108  rtx_system.o(.text.osRtxPostProcess)
    osRtxThreadDelayTick                     0x00000e75   Thumb Code    56  rtx_thread.o(.text.osRtxThreadDelayTick)
    osRtxThreadDispatch                      0x00000ead   Thumb Code    80  rtx_thread.o(.text.osRtxThreadDispatch)
    osRtxThreadListGet                       0x00000f51   Thumb Code    20  rtx_thread.o(.text.osRtxThreadListGet)
    osRtxThreadListPut                       0x00000f65   Thumb Code    44  rtx_thread.o(.text.osRtxThreadListPut)
    osRtxThreadListRemove                    0x00000f91   Thumb Code    24  rtx_thread.o(.text.osRtxThreadListRemove)
    osRtxThreadReadyPut                      0x00000fd1   Thumb Code    24  rtx_thread.o(.text.osRtxThreadReadyPut)
    osRtxThreadStackCheck                    0x00000fe9   Thumb Code    44  rtx_thread.o(.text.osRtxThreadStackCheck)
    osRtxThreadStartup                       0x00001015   Thumb Code    64  rtx_thread.o(.text.osRtxThreadStartup)
    osRtxThreadSwitch                        0x00001055   Thumb Code    20  rtx_thread.o(.text.osRtxThreadSwitch)
    osRtxThreadWaitEnter                     0x00001069   Thumb Code    60  rtx_thread.o(.text.osRtxThreadWaitEnter)
    osRtxThreadWaitExit                      0x000010a5   Thumb Code    34  rtx_thread.o(.text.osRtxThreadWaitExit)
    osRtxTick_Handler                        0x000010c9   Thumb Code   116  rtx_system.o(.text.osRtxTick_Handler)
    osRtxTimerThread                         0x0000113d   Thumb Code    60  rtx_timer.o(.text.osRtxTimerThread)
    osThreadExit                             0x000011d9   Thumb Code    12  rtx_thread.o(.text.osThreadExit)
    osThreadFlagsSet                         0x000011e5   Thumb Code    88  rtx_thread.o(.text.osThreadFlagsSet)
    osThreadFlagsWait                        0x0000123d   Thumb Code    40  rtx_thread.o(.text.osThreadFlagsWait)
    osThreadNew                              0x00001265   Thumb Code    36  rtx_thread.o(.text.osThreadNew)
    LED                                      0x00001c89   Thumb Code    78  main.o(i.LED)
    PORTA_IRQHandler                         0x00001cdd   Thumb Code    78  main.o(i.PORTA_IRQHandler)
    SystemCoreClockUpdate                    0x00001d41   Thumb Code   372  system_mkl25z4.o(i.SystemCoreClockUpdate)
    SystemInit                               0x00001ed1   Thumb Code     8  system_mkl25z4.o(i.SystemInit)
    UART2_IRQHandler                         0x00001edd   Thumb Code    58  main.o(i.UART2_IRQHandler)
    USpulse                                  0x00001f25   Thumb Code    34  myultrasound.o(i.USpulse)
    __ARM_clz                                0x00001f4d   Thumb Code    46  depilogue.o(i.__ARM_clz)
    __ARM_common_switch8                     0x00001f7b   Thumb Code    28  led_control.o(i.__ARM_common_switch8)
    __scatterload_copy                       0x000020a1   Thumb Code    14  handlers.o(i.__scatterload_copy)
    __scatterload_zeroinit                   0x000020af   Thumb Code    14  handlers.o(i.__scatterload_zeroinit)
    avoidObstacle                            0x000020bd   Thumb Code   258  main.o(i.avoidObstacle)
    brain                                    0x000021d5   Thumb Code   202  main.o(i.brain)
    fLeft                                    0x000022bd   Thumb Code    26  motor_control.o(i.fLeft)
    fRight                                   0x000022e1   Thumb Code    28  motor_control.o(i.fRight)
    forward                                  0x00002305   Thumb Code    26  motor_control.o(i.forward)
    green_moving                             0x00002329   Thumb Code   138  led_control.o(i.green_moving)
    green_off                                0x000023b9   Thumb Code   100  led_control.o(i.green_off)
    green_on                                 0x00002421   Thumb Code   100  led_control.o(i.green_on)
    initBuzzer                               0x00002489   Thumb Code   148  audio_control.o(i.initBuzzer)
    initLED                                  0x0000252d   Thumb Code   468  led_control.o(i.initLED)
    initPWM                                  0x0000270d   Thumb Code   376  motor_control.o(i.initPWM)
    initUART2                                0x00002895   Thumb Code   210  myuart.o(i.initUART2)
    initUltrasound                           0x0000297d   Thumb Code   140  myultrasound.o(i.initUltrasound)
    led_moving                               0x00002a25   Thumb Code    56  led_control.o(i.led_moving)
    led_start                                0x00002a61   Thumb Code    56  led_control.o(i.led_start)
    led_stationary                           0x00002a99   Thumb Code    18  led_control.o(i.led_stationary)
    leftTurn                                 0x00002aad   Thumb Code    22  motor_control.o(i.leftTurn)
    main                                     0x00002acd   Thumb Code   164  main.o(i.main)
    motors                                   0x00002bbd   Thumb Code   126  main.o(i.motors)
    music                                    0x00002c41   Thumb Code   106  main.o(i.music)
    osRtxErrorNotify                         0x00002cb1   Thumb Code    32  rtx_config.o(i.osRtxErrorNotify)
    osRtxIdleThread                          0x00002cd1   Thumb Code     4  rtx_config.o(i.osRtxIdleThread)
    pauseTune                                0x00002cd5   Thumb Code    38  audio_control.o(i.pauseTune)
    playCelebrate                            0x00002d09   Thumb Code   198  audio_control.o(i.playCelebrate)
    playMain                                 0x00002ded   Thumb Code   112  audio_control.o(i.playMain)
    playStart                                0x00002e75   Thumb Code   118  audio_control.o(i.playStart)
    red_off                                  0x00002f05   Thumb Code    14  led_control.o(i.red_off)
    red_toggle                               0x00002f19   Thumb Code    14  led_control.o(i.red_toggle)
    reverse                                  0x00002f2d   Thumb Code    28  motor_control.o(i.reverse)
    rightTurn                                0x00002f51   Thumb Code    26  motor_control.o(i.rightTurn)
    self_drive                               0x00002f75   Thumb Code   134  main.o(i.self_drive)
    stop                                     0x00003019   Thumb Code    16  motor_control.o(i.stop)
    highPriority                             0x00003030   Data          36  main.o(.constdata)
    aboveNormalPriority                      0x00003054   Data          36  main.o(.constdata)
    realTime                                 0x00003078   Data          36  main.o(.constdata)
    osRtxUserSVC                             0x000030fc   Data           4  rtx_lib.o(.constdata)
    osRtxConfig                              0x00003100   Data         104  rtx_lib.o(.rodata)
    os_cb_sections                           0x00003168   Data          56  rtx_lib.o(.rodata)
    Region$$Table$$Base                      0x000031ac   Number         0  anon$$obj.o(Region$$Table)
    Region$$Table$$Limit                     0x000031cc   Number         0  anon$$obj.o(Region$$Table)
    .bss.os.msgqueue.cb$$Base                0x20000040   Number         0  rtx_lib.o(.bss.os.msgqueue.cb)
    .bss.os.msgqueue.cb$$Limit               0x20000074   Number         0  rtx_lib.o(.bss.os.msgqueue.cb)
    .bss.os.thread.cb$$Base                  0x200000c4   Number         0  rtx_lib.o(.bss.os.thread.cb)
    .bss.os.thread.cb$$Limit                 0x2000014c   Number         0  rtx_lib.o(.bss.os.thread.cb)
    rx_data                                  0x20000350   Data           4  main.o(.data)
    counter                                  0x20000354   Data           4  main.o(.data)
    motorThreadID                            0x20000358   Data           4  main.o(.data)
    brainThreadID                            0x2000035c   Data           4  main.o(.data)
    LEDThreadID                              0x20000360   Data           4  main.o(.data)
    musicThreadID                            0x20000364   Data           4  main.o(.data)
    SelfDriveID                              0x20000368   Data           4  main.o(.data)
    avoidObstacleID                          0x2000036c   Data           4  main.o(.data)
    instructionFlag                          0x20000370   Data           4  main.o(.data)
    LEDControlFlag                           0x20000374   Data           4  main.o(.data)
    MusicControlFlag                         0x20000378   Data           4  main.o(.data)
    SelfDriveControlFlag                     0x2000037c   Data           4  main.o(.data)
    startupTone                              0x2000038c   Data          64  audio_control.o(.data)
    merryChristmas                           0x200003cc   Data        1560  audio_control.o(.data)
    endTone                                  0x200009e4   Data         200  audio_control.o(.data)
    tempo                                    0x20000aac   Data           4  audio_control.o(.data)
    SystemCoreClock                          0x20000ab0   Data           4  system_mkl25z4.o(.data)
    osRtxInfo                                0x20000ab4   Data         164  rtx_kernel.o(.data.os)
    __initial_sp                             0x20000c60   Data           0  startup_mkl25z4.o(STACK)



==============================================================================

Memory Map of the image

  Image Entry point : 0x000000d5

  Load Region LR_1 (Base: 0x00000000, Size: 0x00004d24, Max: 0xffffffff, ABSOLUTE, COMPRESSED[0x0000332c])

    Execution Region ER_RO (Exec base: 0x00000000, Load base: 0x00000000, Size: 0x000031cc, Max: 0xffffffff, ABSOLUTE)

    Exec Addr    Load Addr    Size         Type   Attr      Idx    E Section Name        Object

    0x00000000   0x00000000   0x000000c0   Data   RO          442    RESET               startup_mkl25z4.o
    0x000000c0   0x000000c0   0x00000000   Code   RO          987  * .ARM.Collect$$$$00000000  mc_p.l(entry.o)
    0x000000c0   0x000000c0   0x00000004   Code   RO         1006    .ARM.Collect$$$$00000001  mc_p.l(entry2.o)
    0x000000c4   0x000000c4   0x00000004   Code   RO         1009    .ARM.Collect$$$$00000004  mc_p.l(entry5.o)
    0x000000c8   0x000000c8   0x00000000   Code   RO         1011    .ARM.Collect$$$$00000008  mc_p.l(entry7b.o)
    0x000000c8   0x000000c8   0x00000000   Code   RO         1013    .ARM.Collect$$$$0000000A  mc_p.l(entry8b.o)
    0x000000c8   0x000000c8   0x00000008   Code   RO         1014    .ARM.Collect$$$$0000000B  mc_p.l(entry9a.o)
    0x000000d0   0x000000d0   0x00000000   Code   RO         1016    .ARM.Collect$$$$0000000D  mc_p.l(entry10a.o)
    0x000000d0   0x000000d0   0x00000000   Code   RO         1018    .ARM.Collect$$$$0000000F  mc_p.l(entry11a.o)
    0x000000d0   0x000000d0   0x00000004   Code   RO         1007    .ARM.Collect$$$$00002712  mc_p.l(entry2.o)
    0x000000d4   0x000000d4   0x00000028   Code   RO          444  * .text               startup_mkl25z4.o
    0x000000fc   0x000000fc   0x000000a4   Code   RO          739    .text               RTX_CM0.lib(irq_cm0.o)
    0x000001a0   0x000001a0   0x0000002c   Code   RO          990    .text               mc_p.l(uidiv.o)
    0x000001cc   0x000001cc   0x00000028   Code   RO          992    .text               mc_p.l(idiv.o)
    0x000001f4   0x000001f4   0x00000024   Code   RO          994    .text               mc_p.l(memcpya.o)
    0x00000218   0x00000218   0x00000024   Code   RO          996    .text               mc_p.l(memseta.o)
    0x0000023c   0x0000023c   0x000000d0   Code   RO         1000    .text               mf_p.l(dmul.o)
    0x0000030c   0x0000030c   0x00000028   Code   RO         1002    .text               mf_p.l(dflti.o)
    0x00000334   0x00000334   0x00000048   Code   RO         1004    .text               mf_p.l(dfixi.o)
    0x0000037c   0x0000037c   0x00000022   Code   RO         1020    .text               mc_p.l(llushr.o)
    0x0000039e   0x0000039e   0x00000000   Code   RO         1022    .text               mc_p.l(iusefp.o)
    0x0000039e   0x0000039e   0x00000002   PAD
    0x000003a0   0x000003a0   0x00000024   Code   RO         1027    .text               mc_p.l(init.o)
    0x000003c4   0x000003c4   0x00000020   Code   RO         1029    .text               mc_p.l(llshl.o)
    0x000003e4   0x000003e4   0x0000000c   Code   RO          909    .text.OS_Tick_AcknowledgeIRQ  RTX_CM0.lib(os_systick.o)
    0x000003f0   0x000003f0   0x00000006   Code   RO          911    .text.OS_Tick_GetIRQn  RTX_CM0.lib(os_systick.o)
    0x000003f6   0x000003f6   0x00000002   Code   RO          483    .text.osRtxKernelPreInit  RTX_CM0.lib(rtx_kernel.o)
    0x000003f8   0x000003f8   0x00000006   Code   RO          560    .text.osRtxThreadRegPtr  RTX_CM0.lib(rtx_thread.o)
    0x000003fe   0x000003fe   0x00000002   Code   RO         1034    i.__scatterload_null  mc_p.l(handlers.o)
    0x00000400   0x00000400   0x00000010   Code   RO          443    .ARM.__at_0x400     startup_mkl25z4.o
    0x00000410   0x00000410   0x000000be   Code   RO         1023    .text               mf_p.l(depilogue.o)
    0x000004ce   0x000004ce   0x00000056   Code   RO         1039    .text               mc_p.l(__dczerorl2.o)
    0x00000524   0x00000524   0x0000004e   Code   RO          720    .text.EventFlagsCheck  RTX_CM0.lib(rtx_evflags.o)
    0x00000572   0x00000572   0x0000004c   Code   RO          971    .text.MessageQueueGet  RTX_CM0.lib(rtx_msgqueue.o)
    0x000005be   0x000005be   0x00000062   Code   RO          965    .text.MessageQueuePut  RTX_CM0.lib(rtx_msgqueue.o)
    0x00000620   0x00000620   0x0000001e   Code   RO          963    .text.MessageQueueRemove  RTX_CM0.lib(rtx_msgqueue.o)
    0x0000063e   0x0000063e   0x00000002   PAD
    0x00000640   0x00000640   0x0000002c   Code   RO          905    .text.OS_Tick_Enable  RTX_CM0.lib(os_systick.o)
    0x0000066c   0x0000066c   0x0000004c   Code   RO          903    .text.OS_Tick_Setup  RTX_CM0.lib(os_systick.o)
    0x000006b8   0x000006b8   0x0000004e   Code   RO          628    .text.ThreadFlagsCheck  RTX_CM0.lib(rtx_thread.o)
    0x00000706   0x00000706   0x00000002   PAD
    0x00000708   0x00000708   0x0000004c   Code   RO          760    .text.TimerInsert   RTX_CM0.lib(rtx_timer.o)
    0x00000754   0x00000754   0x00000028   Code   RO          681    .text.osDelay       RTX_CM0.lib(rtx_delay.o)
    0x0000077c   0x0000077c   0x00000024   Code   RO          704    .text.osEventFlagsClear  RTX_CM0.lib(rtx_evflags.o)
    0x000007a0   0x000007a0   0x00000024   Code   RO          698    .text.osEventFlagsNew  RTX_CM0.lib(rtx_evflags.o)
    0x000007c4   0x000007c4   0x00000050   Code   RO          702    .text.osEventFlagsSet  RTX_CM0.lib(rtx_evflags.o)
    0x00000814   0x00000814   0x00000044   Code   RO          712    .text.osEventFlagsWait  RTX_CM0.lib(rtx_evflags.o)
    0x00000858   0x00000858   0x00000028   Code   RO          485    .text.osKernelInitialize  RTX_CM0.lib(rtx_kernel.o)
    0x00000880   0x00000880   0x00000024   Code   RO          495    .text.osKernelStart  RTX_CM0.lib(rtx_kernel.o)
    0x000008a4   0x000008a4   0x00000074   Code   RO          937    .text.osMessageQueueGet  RTX_CM0.lib(rtx_msgqueue.o)
    0x00000918   0x00000918   0x00000024   Code   RO          931    .text.osMessageQueueNew  RTX_CM0.lib(rtx_msgqueue.o)
    0x0000093c   0x0000093c   0x00000078   Code   RO          935    .text.osMessageQueuePut  RTX_CM0.lib(rtx_msgqueue.o)
    0x000009b4   0x000009b4   0x00000034   Code   RO          718    .text.osRtxEventFlagsPostProcess  RTX_CM0.lib(rtx_evflags.o)
    0x000009e8   0x000009e8   0x0000007c   Code   RO          822    .text.osRtxMemoryAlloc  RTX_CM0.lib(rtx_memory.o)
    0x00000a64   0x00000a64   0x0000004e   Code   RO          824    .text.osRtxMemoryFree  RTX_CM0.lib(rtx_memory.o)
    0x00000ab2   0x00000ab2   0x00000032   Code   RO          820    .text.osRtxMemoryInit  RTX_CM0.lib(rtx_memory.o)
    0x00000ae4   0x00000ae4   0x0000002e   Code   RO          837    .text.osRtxMemoryPoolAlloc  RTX_CM0.lib(rtx_mempool.o)
    0x00000b12   0x00000b12   0x0000003a   Code   RO          839    .text.osRtxMemoryPoolFree  RTX_CM0.lib(rtx_mempool.o)
    0x00000b4c   0x00000b4c   0x0000003e   Code   RO          835    .text.osRtxMemoryPoolInit  RTX_CM0.lib(rtx_mempool.o)
    0x00000b8a   0x00000b8a   0x000000bc   Code   RO          961    .text.osRtxMessageQueuePostProcess  RTX_CM0.lib(rtx_msgqueue.o)
    0x00000c46   0x00000c46   0x00000044   Code   RO          785    .text.osRtxMutexOwnerRelease  RTX_CM0.lib(rtx_mutex.o)
    0x00000c8a   0x00000c8a   0x00000002   PAD
    0x00000c8c   0x00000c8c   0x00000080   Code   RO          890    .text.osRtxPendSV_Handler  RTX_CM0.lib(rtx_system.o)
    0x00000d0c   0x00000d0c   0x0000006c   Code   RO          892    .text.osRtxPostProcess  RTX_CM0.lib(rtx_system.o)
    0x00000d78   0x00000d78   0x00000038   Code   RO          568    .text.osRtxThreadBlock  RTX_CM0.lib(rtx_thread.o)
    0x00000db0   0x00000db0   0x00000080   Code   RO          576    .text.osRtxThreadDelayInsert  RTX_CM0.lib(rtx_thread.o)
    0x00000e30   0x00000e30   0x00000044   Code   RO          572    .text.osRtxThreadDelayRemove  RTX_CM0.lib(rtx_thread.o)
    0x00000e74   0x00000e74   0x00000038   Code   RO          558    .text.osRtxThreadDelayTick  RTX_CM0.lib(rtx_thread.o)
    0x00000eac   0x00000eac   0x00000050   Code   RO          566    .text.osRtxThreadDispatch  RTX_CM0.lib(rtx_thread.o)
    0x00000efc   0x00000efc   0x00000054   Code   RO          652    .text.osRtxThreadFree  RTX_CM0.lib(rtx_thread.o)
    0x00000f50   0x00000f50   0x00000014   Code   RO          550    .text.osRtxThreadListGet  RTX_CM0.lib(rtx_thread.o)
    0x00000f64   0x00000f64   0x0000002c   Code   RO          548    .text.osRtxThreadListPut  RTX_CM0.lib(rtx_thread.o)
    0x00000f90   0x00000f90   0x00000018   Code   RO          554    .text.osRtxThreadListRemove  RTX_CM0.lib(rtx_thread.o)
    0x00000fa8   0x00000fa8   0x00000026   Code   RO          626    .text.osRtxThreadPostProcess  RTX_CM0.lib(rtx_thread.o)
    0x00000fce   0x00000fce   0x00000002   PAD
    0x00000fd0   0x00000fd0   0x00000018   Code   RO          556    .text.osRtxThreadReadyPut  RTX_CM0.lib(rtx_thread.o)
    0x00000fe8   0x00000fe8   0x0000002c   Code   RO          564    .text.osRtxThreadStackCheck  RTX_CM0.lib(rtx_thread.o)
    0x00001014   0x00001014   0x00000040   Code   RO          578    .text.osRtxThreadStartup  RTX_CM0.lib(rtx_thread.o)
    0x00001054   0x00001054   0x00000014   Code   RO          562    .text.osRtxThreadSwitch  RTX_CM0.lib(rtx_thread.o)
    0x00001068   0x00001068   0x0000003c   Code   RO          574    .text.osRtxThreadWaitEnter  RTX_CM0.lib(rtx_thread.o)
    0x000010a4   0x000010a4   0x00000022   Code   RO          570    .text.osRtxThreadWaitExit  RTX_CM0.lib(rtx_thread.o)
    0x000010c6   0x000010c6   0x00000002   PAD
    0x000010c8   0x000010c8   0x00000074   Code   RO          888    .text.osRtxTick_Handler  RTX_CM0.lib(rtx_system.o)
    0x0000113c   0x0000113c   0x0000003c   Code   RO          744    .text.osRtxTimerThread  RTX_CM0.lib(rtx_timer.o)
    0x00001178   0x00001178   0x00000060   Code   RO          746    .text.osRtxTimerTick  RTX_CM0.lib(rtx_timer.o)
    0x000011d8   0x000011d8   0x0000000c   Code   RO          610    .text.osThreadExit  RTX_CM0.lib(rtx_thread.o)
    0x000011e4   0x000011e4   0x00000058   Code   RO          618    .text.osThreadFlagsSet  RTX_CM0.lib(rtx_thread.o)
    0x0000123c   0x0000123c   0x00000028   Code   RO          624    .text.osThreadFlagsWait  RTX_CM0.lib(rtx_thread.o)
    0x00001264   0x00001264   0x00000024   Code   RO          582    .text.osThreadNew   RTX_CM0.lib(rtx_thread.o)
    0x00001288   0x00001288   0x00000012   Code   RO          685    .text.svcRtxDelay   RTX_CM0.lib(rtx_delay.o)
    0x0000129a   0x0000129a   0x00000032   Code   RO          706    .text.svcRtxEventFlagsClear  RTX_CM0.lib(rtx_evflags.o)
    0x000012cc   0x000012cc   0x00000074   Code   RO          716    .text.svcRtxEventFlagsNew  RTX_CM0.lib(rtx_evflags.o)
    0x00001340   0x00001340   0x0000007c   Code   RO          724    .text.svcRtxEventFlagsSet  RTX_CM0.lib(rtx_evflags.o)
    0x000013bc   0x000013bc   0x00000064   Code   RO          726    .text.svcRtxEventFlagsWait  RTX_CM0.lib(rtx_evflags.o)
    0x00001420   0x00001420   0x00000148   Code   RO          523    .text.svcRtxKernelInitialize  RTX_CM0.lib(rtx_kernel.o)
    0x00001568   0x00001568   0x00000084   Code   RO          525    .text.svcRtxKernelStart  RTX_CM0.lib(rtx_kernel.o)
    0x000015ec   0x000015ec   0x000000e8   Code   RO          973    .text.svcRtxMessageQueueGet  RTX_CM0.lib(rtx_msgqueue.o)
    0x000016d4   0x000016d4   0x000001e4   Code   RO          959    .text.svcRtxMessageQueueNew  RTX_CM0.lib(rtx_msgqueue.o)
    0x000018b8   0x000018b8   0x000000bc   Code   RO          969    .text.svcRtxMessageQueuePut  RTX_CM0.lib(rtx_msgqueue.o)
    0x00001974   0x00001974   0x0000006c   Code   RO          656    .text.svcRtxThreadExit  RTX_CM0.lib(rtx_thread.o)
    0x000019e0   0x000019e0   0x0000006c   Code   RO          664    .text.svcRtxThreadFlagsSet  RTX_CM0.lib(rtx_thread.o)
    0x00001a4c   0x00001a4c   0x00000050   Code   RO          670    .text.svcRtxThreadFlagsWait  RTX_CM0.lib(rtx_thread.o)
    0x00001a9c   0x00001a9c   0x000001ec   Code   RO          580    .text.svcRtxThreadNew  RTX_CM0.lib(rtx_thread.o)
    0x00001c88   0x00001c88   0x00000054   Code   RO            3    i.LED               main.o
    0x00001cdc   0x00001cdc   0x00000064   Code   RO            4    i.PORTA_IRQHandler  main.o
    0x00001d40   0x00001d40   0x00000190   Code   RO          452    i.SystemCoreClockUpdate  system_mkl25z4.o
    0x00001ed0   0x00001ed0   0x0000000c   Code   RO          453    i.SystemInit        system_mkl25z4.o
    0x00001edc   0x00001edc   0x00000048   Code   RO            5    i.UART2_IRQHandler  main.o
    0x00001f24   0x00001f24   0x00000028   Code   RO          194    i.USpulse           myultrasound.o
    0x00001f4c   0x00001f4c   0x0000002e   Code   RO         1025    i.__ARM_clz         mf_p.l(depilogue.o)
    0x00001f7a   0x00001f7a   0x0000001c   Code   RO          292    i.__ARM_common_switch8  led_control.o
    0x00001f96   0x00001f96   0x00000002   PAD
    0x00001f98   0x00001f98   0x00000018   Code   RO            6    i.__NVIC_ClearPendingIRQ  main.o
    0x00001fb0   0x00001fb0   0x00000078   Code   RO          195    i.__NVIC_SetPriority  myultrasound.o
    0x00002028   0x00002028   0x00000078   Code   RO          299    i.__NVIC_SetPriority  myuart.o
    0x000020a0   0x000020a0   0x0000000e   Code   RO         1033    i.__scatterload_copy  mc_p.l(handlers.o)
    0x000020ae   0x000020ae   0x0000000e   Code   RO         1035    i.__scatterload_zeroinit  mc_p.l(handlers.o)
    0x000020bc   0x000020bc   0x00000118   Code   RO            7    i.avoidObstacle     main.o
    0x000021d4   0x000021d4   0x000000e8   Code   RO            8    i.brain             main.o
    0x000022bc   0x000022bc   0x00000024   Code   RO          129    i.fLeft             motor_control.o
    0x000022e0   0x000022e0   0x00000024   Code   RO          130    i.fRight            motor_control.o
    0x00002304   0x00002304   0x00000024   Code   RO          131    i.forward           motor_control.o
    0x00002328   0x00002328   0x00000090   Code   RO          228    i.green_moving      led_control.o
    0x000023b8   0x000023b8   0x00000068   Code   RO          229    i.green_off         led_control.o
    0x00002420   0x00002420   0x00000068   Code   RO          230    i.green_on          led_control.o
    0x00002488   0x00002488   0x000000a4   Code   RO          324    i.initBuzzer        audio_control.o
    0x0000252c   0x0000252c   0x000001e0   Code   RO          231    i.initLED           led_control.o
    0x0000270c   0x0000270c   0x00000188   Code   RO          132    i.initPWM           motor_control.o
    0x00002894   0x00002894   0x000000e8   Code   RO          300    i.initUART2         myuart.o
    0x0000297c   0x0000297c   0x000000a8   Code   RO          196    i.initUltrasound    myultrasound.o
    0x00002a24   0x00002a24   0x0000003c   Code   RO          232    i.led_moving        led_control.o
    0x00002a60   0x00002a60   0x00000038   Code   RO          233    i.led_start         led_control.o
    0x00002a98   0x00002a98   0x00000012   Code   RO          234    i.led_stationary    led_control.o
    0x00002aaa   0x00002aaa   0x00000002   PAD
    0x00002aac   0x00002aac   0x00000020   Code   RO          133    i.leftTurn          motor_control.o
    0x00002acc   0x00002acc   0x000000f0   Code   RO            9    i.main              main.o
    0x00002bbc   0x00002bbc   0x00000084   Code   RO           10    i.motors            main.o
    0x00002c40   0x00002c40   0x00000070   Code   RO           11    i.music             main.o
    0x00002cb0   0x00002cb0   0x00000020   Code   RO          412    i.osRtxErrorNotify  rtx_config.o
    0x00002cd0   0x00002cd0   0x00000004   Code   RO          413    i.osRtxIdleThread   rtx_config.o
    0x00002cd4   0x00002cd4   0x00000034   Code   RO          325    i.pauseTune         audio_control.o
    0x00002d08   0x00002d08   0x000000e4   Code   RO          326    i.playCelebrate     audio_control.o
    0x00002dec   0x00002dec   0x00000088   Code   RO          327    i.playMain          audio_control.o
    0x00002e74   0x00002e74   0x00000090   Code   RO          328    i.playStart         audio_control.o
    0x00002f04   0x00002f04   0x00000014   Code   RO          235    i.red_off           led_control.o
    0x00002f18   0x00002f18   0x00000014   Code   RO          236    i.red_toggle        led_control.o
    0x00002f2c   0x00002f2c   0x00000024   Code   RO          134    i.reverse           motor_control.o
    0x00002f50   0x00002f50   0x00000024   Code   RO          135    i.rightTurn         motor_control.o
    0x00002f74   0x00002f74   0x000000a4   Code   RO           12    i.self_drive        main.o
    0x00003018   0x00003018   0x00000018   Code   RO          136    i.stop              motor_control.o
    0x00003030   0x00003030   0x0000006c   Data   RO           13    .constdata          main.o
    0x0000309c   0x0000309c   0x00000064   Data   RO          382    .constdata          rtx_lib.o
    0x00003100   0x00003100   0x000000a0   Data   RO          384    .rodata             rtx_lib.o
    0x000031a0   0x000031a0   0x0000000b   Data   RO          537    .rodata.str1.4      RTX_CM0.lib(rtx_kernel.o)
    0x000031ab   0x000031ab   0x00000001   PAD
    0x000031ac   0x000031ac   0x00000020   Data   RO         1031    Region$$Table       anon$$obj.o


    Execution Region ER_RW (Exec base: 0x1ffff000, Load base: 0x000031cc, Size: 0x00001b58, Max: 0xffffffff, ABSOLUTE, COMPRESSED[0x00000160])

    Exec Addr    Load Addr    Size         Type   Attr      Idx    E Section Name        Object

    0x1ffff000   COMPRESSED   0x00001040   Data   RW          377    .bss.os             rtx_lib.o
    0x20000040   COMPRESSED   0x00000034   Data   RW          378    .bss.os.msgqueue.cb  rtx_lib.o
    0x20000074   COMPRESSED   0x00000050   Data   RW          379    .bss.os.msgqueue.mem  rtx_lib.o
    0x200000c4   COMPRESSED   0x00000088   Data   RW          380    .bss.os.thread.cb   rtx_lib.o
    0x2000014c   COMPRESSED   0x00000004   PAD
    0x20000150   COMPRESSED   0x00000200   Data   RW          381    .bss.os.thread.stack  rtx_lib.o
    0x20000350   COMPRESSED   0x00000038   Data   RW           14    .data               main.o
    0x20000388   COMPRESSED   0x00000004   Data   RW          237    .data               led_control.o
    0x2000038c   COMPRESSED   0x00000724   Data   RW          329    .data               audio_control.o
    0x20000ab0   COMPRESSED   0x00000004   Data   RW          454    .data               system_mkl25z4.o
    0x20000ab4   COMPRESSED   0x000000a4   Data   RW          538    .data.os            RTX_CM0.lib(rtx_kernel.o)


    Execution Region ER_ZI (Exec base: 0x20000b58, Load base: 0x0000332c, Size: 0x00000108, Max: 0xffffffff, ABSOLUTE)

    Exec Addr    Load Addr    Size         Type   Attr      Idx    E Section Name        Object

    0x20000b58        -       0x00000001   Zero   RW          921    .bss.PendST         RTX_CM0.lib(os_systick.o)
    0x20000b59   0x0000332c   0x00000007   PAD
    0x20000b60        -       0x00000100   Zero   RW          440    STACK               startup_mkl25z4.o


==============================================================================

Image component sizes


      Code (inc. data)   RO Data    RW Data    ZI Data      Debug   Object Name

       724        110          0       1828          0       5335   audio_control.o
      1034         52          0          4          0       4397   led_control.o
      1440        218        108         56          0     234852   main.o
       628         80          0          0          0       3849   motor_control.o
       352         32          0          0          0       1384   myuart.o
       328         44          0          0          0       9735   myultrasound.o
        36          8          0          0          0       1053   rtx_config.o
         0          0        260       4940          0       9190   rtx_lib.o
        56         30        192          0        256        956   startup_mkl25z4.o
       412         42          0          4          0       1647   system_mkl25z4.o

    ----------------------------------------------------------------------
      5014        616        592       6836        256     272398   Object Totals
         0          0         32          0          0          0   (incl. Generated)
         4          0          0          4          0          0   (incl. Padding)

    ----------------------------------------------------------------------

      Code (inc. data)   RO Data    RW Data    ZI Data      Debug   Library Member Name

       164          8          0          0          0        496   irq_cm0.o
       138         32          0          0          1       2766   os_systick.o
        58          4          0          0          0       2753   rtx_delay.o
       740         28          0          0          0      12348   rtx_evflags.o
       538         36         11        164          0      16105   rtx_kernel.o
       252          0          0          0          0       2564   rtx_memory.o
       166          0          0          0          0      14282   rtx_mempool.o
      1568         44          0          0          0      17889   rtx_msgqueue.o
        68          0          0          0          0       9201   rtx_mutex.o
       352         26          0          0          0       4635   rtx_system.o
      1892        108          0          0          0      30867   rtx_thread.o
       232         20          0          0          0      10018   rtx_timer.o
        86          0          0          0          0          0   __dczerorl2.o
         0          0          0          0          0          0   entry.o
         0          0          0          0          0          0   entry10a.o
         0          0          0          0          0          0   entry11a.o
         8          4          0          0          0          0   entry2.o
         4          0          0          0          0          0   entry5.o
         0          0          0          0          0          0   entry7b.o
         0          0          0          0          0          0   entry8b.o
         8          4          0          0          0          0   entry9a.o
        30          0          0          0          0          0   handlers.o
        40          0          0          0          0         72   idiv.o
        36          8          0          0          0         68   init.o
         0          0          0          0          0          0   iusefp.o
        32          0          0          0          0         68   llshl.o
        34          0          0          0          0         68   llushr.o
        36          0          0          0          0         60   memcpya.o
        36          0          0          0          0        100   memseta.o
        44          0          0          0          0         72   uidiv.o
       236          0          0          0          0        216   depilogue.o
        72         10          0          0          0         72   dfixi.o
        40          6          0          0          0         68   dflti.o
       208          6          0          0          0         88   dmul.o

    ----------------------------------------------------------------------
      7130        344         12        164          8     124876   Library Totals
        12          0          1          0          7          0   (incl. Padding)

    ----------------------------------------------------------------------

      Code (inc. data)   RO Data    RW Data    ZI Data      Debug   Library Name

      6168        306         11        164          1     123924   RTX_CM0.lib
       394         16          0          0          0        508   mc_p.l
       556         22          0          0          0        444   mf_p.l

    ----------------------------------------------------------------------
      7130        344         12        164          8     124876   Library Totals

    ----------------------------------------------------------------------

==============================================================================


      Code (inc. data)   RO Data    RW Data    ZI Data      Debug   

     12144        960        604       7000        264     395086   Grand Totals
     12144        960        604        352        264     395086   ELF Image Totals (compressed)
     12144        960        604        352          0          0   ROM Totals

==============================================================================

    Total RO  Size (Code + RO Data)                12748 (  12.45kB)
    Total RW  Size (RW Data + ZI Data)              7264 (   7.09kB)
    Total ROM Size (Code + RO Data + RW Data)      13100 (  12.79kB)

==============================================================================

